Archive member included to satisfy reference by file (symbol)

/usr/lib/gcc/arm-none-eabi/13.2.1/../../../arm-none-eabi/lib/thumb/v7-m/nofp/libc.a(libc_a-memset.o)
                              /home/ankitgote/Documents/Bare_Metal/libopencm3/lib/stm32/l1/usb_msc.o (memset)
/usr/lib/gcc/arm-none-eabi/13.2.1/../../../arm-none-eabi/lib/thumb/v7-m/nofp/libc.a(libc_a-memcmp.o)
                              /home/ankitgote/Documents/Bare_Metal/libopencm3/lib/stm32/l1/usb_standard.o (memcmp)
/usr/lib/gcc/arm-none-eabi/13.2.1/../../../arm-none-eabi/lib/thumb/v7-m/nofp/libc.a(libc_a-memcpy.o)
                              /home/ankitgote/Documents/Bare_Metal/libopencm3/lib/stm32/l1/usb_microsoft.o (memcpy)
/usr/lib/gcc/arm-none-eabi/13.2.1/../../../arm-none-eabi/lib/thumb/v7-m/nofp/libc.a(libc_a-strlen-stub.o)
                              /home/ankitgote/Documents/Bare_Metal/libopencm3/lib/stm32/l1/usb_msc.o (strlen)

Discarded input sections

 .group         0x00000000        0xc /home/ankitgote/Documents/Bare_Metal/libopencm3/lib/stm32/l1/adc_common_v1_multi.o
 .group         0x00000000        0xc /home/ankitgote/Documents/Bare_Metal/libopencm3/lib/stm32/l1/adc_common_v1_multi.o
 .group         0x00000000        0xc /home/ankitgote/Documents/Bare_Metal/libopencm3/lib/stm32/l1/adc_common_v1_multi.o
 .group         0x00000000        0xc /home/ankitgote/Documents/Bare_Metal/libopencm3/lib/stm32/l1/adc_common_v1_multi.o
 .group         0x00000000        0xc /home/ankitgote/Documents/Bare_Metal/libopencm3/lib/stm32/l1/adc_common_v1_multi.o
 .group         0x00000000        0xc /home/ankitgote/Documents/Bare_Metal/libopencm3/lib/stm32/l1/adc_common_v1_multi.o
 .group         0x00000000        0xc /home/ankitgote/Documents/Bare_Metal/libopencm3/lib/stm32/l1/adc_common_v1_multi.o
 .group         0x00000000        0xc /home/ankitgote/Documents/Bare_Metal/libopencm3/lib/stm32/l1/adc_common_v1_multi.o
 .group         0x00000000        0xc /home/ankitgote/Documents/Bare_Metal/libopencm3/lib/stm32/l1/adc_common_v1_multi.o
 .group         0x00000000        0xc /home/ankitgote/Documents/Bare_Metal/libopencm3/lib/stm32/l1/adc_common_v1_multi.o
 .group         0x00000000        0xc /home/ankitgote/Documents/Bare_Metal/libopencm3/lib/stm32/l1/adc_common_v1.o
 .group         0x00000000        0xc /home/ankitgote/Documents/Bare_Metal/libopencm3/lib/stm32/l1/adc_common_v1.o
 .group         0x00000000        0xc /home/ankitgote/Documents/Bare_Metal/libopencm3/lib/stm32/l1/adc_common_v1.o
 .group         0x00000000        0xc /home/ankitgote/Documents/Bare_Metal/libopencm3/lib/stm32/l1/adc_common_v1.o
 .group         0x00000000        0xc /home/ankitgote/Documents/Bare_Metal/libopencm3/lib/stm32/l1/adc_common_v1.o
 .group         0x00000000        0xc /home/ankitgote/Documents/Bare_Metal/libopencm3/lib/stm32/l1/adc_common_v1.o
 .group         0x00000000        0xc /home/ankitgote/Documents/Bare_Metal/libopencm3/lib/stm32/l1/adc_common_v1.o
 .group         0x00000000        0xc /home/ankitgote/Documents/Bare_Metal/libopencm3/lib/stm32/l1/adc_common_v1.o
 .group         0x00000000        0xc /home/ankitgote/Documents/Bare_Metal/libopencm3/lib/stm32/l1/adc_common_v1.o
 .group         0x00000000        0xc /home/ankitgote/Documents/Bare_Metal/libopencm3/lib/stm32/l1/adc_common_v1.o
 .debug_macro   0x00000000      0xac0 /home/ankitgote/Documents/Bare_Metal/libopencm3/lib/stm32/l1/adc_common_v1.o
 .debug_macro   0x00000000       0x1c /home/ankitgote/Documents/Bare_Metal/libopencm3/lib/stm32/l1/adc_common_v1.o
 .debug_macro   0x00000000      0x34e /home/ankitgote/Documents/Bare_Metal/libopencm3/lib/stm32/l1/adc_common_v1.o
 .debug_macro   0x00000000       0x22 /home/ankitgote/Documents/Bare_Metal/libopencm3/lib/stm32/l1/adc_common_v1.o
 .debug_macro   0x00000000       0xe8 /home/ankitgote/Documents/Bare_Metal/libopencm3/lib/stm32/l1/adc_common_v1.o
 .debug_macro   0x00000000       0x76 /home/ankitgote/Documents/Bare_Metal/libopencm3/lib/stm32/l1/adc_common_v1.o
 .debug_macro   0x00000000      0x184 /home/ankitgote/Documents/Bare_Metal/libopencm3/lib/stm32/l1/adc_common_v1.o
 .debug_macro   0x00000000      0x338 /home/ankitgote/Documents/Bare_Metal/libopencm3/lib/stm32/l1/adc_common_v1.o
 .debug_macro   0x00000000      0x2d5 /home/ankitgote/Documents/Bare_Metal/libopencm3/lib/stm32/l1/adc_common_v1.o
 .debug_macro   0x00000000      0x19c /home/ankitgote/Documents/Bare_Metal/libopencm3/lib/stm32/l1/adc_common_v1.o
 .group         0x00000000        0xc /home/ankitgote/Documents/Bare_Metal/libopencm3/lib/stm32/l1/adc.o
 .group         0x00000000        0xc /home/ankitgote/Documents/Bare_Metal/libopencm3/lib/stm32/l1/adc.o
 .group         0x00000000        0xc /home/ankitgote/Documents/Bare_Metal/libopencm3/lib/stm32/l1/adc.o
 .group         0x00000000        0xc /home/ankitgote/Documents/Bare_Metal/libopencm3/lib/stm32/l1/adc.o
 .group         0x00000000        0xc /home/ankitgote/Documents/Bare_Metal/libopencm3/lib/stm32/l1/adc.o
[...]
Memory Configuration

Name             Origin             Length             Attributes
FLASH            0x08000000         0x00020000         xr
RAM              0x20000000         0x00004000         xrw
*default*        0x00000000         0xffffffff

Linker script and memory map

LOAD src/main.o
LOAD /home/ankitgote/Documents/Bare_Metal/libopencm3/lib/stm32/l1/adc_common_v1_multi.o
LOAD /home/ankitgote/Documents/Bare_Metal/libopencm3/lib/stm32/l1/adc_common_v1.o
LOAD /home/ankitgote/Documents/Bare_Metal/libopencm3/lib/stm32/l1/adc.o
LOAD /home/ankitgote/Documents/Bare_Metal/libopencm3/lib/stm32/l1/assert.o
LOAD /home/ankitgote/Documents/Bare_Metal/libopencm3/lib/stm32/l1/crc_common_all.o
LOAD /home/ankitgote/Documents/Bare_Metal/libopencm3/lib/stm32/l1/dac_common_all.o
LOAD /home/ankitgote/Documents/Bare_Metal/libopencm3/lib/stm32/l1/dac_common_v1.o
LOAD /home/ankitgote/Documents/Bare_Metal/libopencm3/lib/stm32/l1/desig_common_all.o
LOAD /home/ankitgote/Documents/Bare_Metal/libopencm3/lib/stm32/l1/desig.o
LOAD /home/ankitgote/Documents/Bare_Metal/libopencm3/lib/stm32/l1/dma_common_l1f013.o
LOAD /home/ankitgote/Documents/Bare_Metal/libopencm3/lib/stm32/l1/dwt.o
LOAD /home/ankitgote/Documents/Bare_Metal/libopencm3/lib/stm32/l1/exti_common_all.o
LOAD /home/ankitgote/Documents/Bare_Metal/libopencm3/lib/stm32/l1/flash_common_all.o
LOAD /home/ankitgote/Documents/Bare_Metal/libopencm3/lib/stm32/l1/flash_common_l01.o
LOAD /home/ankitgote/Documents/Bare_Metal/libopencm3/lib/stm32/l1/flash.o
LOAD /home/ankitgote/Documents/Bare_Metal/libopencm3/lib/stm32/l1/gpio_common_all.o
LOAD /home/ankitgote/Documents/Bare_Metal/libopencm3/lib/stm32/l1/gpio_common_f0234.o
LOAD /home/ankitgote/Documents/Bare_Metal/libopencm3/lib/stm32/l1/i2c_common_v1.o
LOAD /home/ankitgote/Documents/Bare_Metal/libopencm3/lib/stm32/l1/iwdg_common_all.o
LOAD /home/ankitgote/Documents/Bare_Metal/libopencm3/lib/stm32/l1/lcd.o
LOAD /home/ankitgote/Documents/Bare_Metal/libopencm3/lib/stm32/l1/nvic.o
LOAD /home/ankitgote/Documents/Bare_Metal/libopencm3/lib/stm32/l1/pwr_common_v1.o
LOAD /home/ankitgote/Documents/Bare_Metal/libopencm3/lib/stm32/l1/pwr_common_v2.o
LOAD /home/ankitgote/Documents/Bare_Metal/libopencm3/lib/stm32/l1/rcc_common_all.o
LOAD /home/ankitgote/Documents/Bare_Metal/libopencm3/lib/stm32/l1/rcc.o
LOAD /home/ankitgote/Documents/Bare_Metal/libopencm3/lib/stm32/l1/rtc_common_l1f024.o
LOAD /home/ankitgote/Documents/Bare_Metal/libopencm3/lib/stm32/l1/scb.o
LOAD /home/ankitgote/Documents/Bare_Metal/libopencm3/lib/stm32/l1/spi_common_all.o
LOAD /home/ankitgote/Documents/Bare_Metal/libopencm3/lib/stm32/l1/spi_common_v1_frf.o
LOAD /home/ankitgote/Documents/Bare_Metal/libopencm3/lib/stm32/l1/spi_common_v1.o
LOAD /home/ankitgote/Documents/Bare_Metal/libopencm3/lib/stm32/l1/st_usbfs_core.o
LOAD /home/ankitgote/Documents/Bare_Metal/libopencm3/lib/stm32/l1/st_usbfs_v1.o
LOAD /home/ankitgote/Documents/Bare_Metal/libopencm3/lib/stm32/l1/sync.o
LOAD /home/ankitgote/Documents/Bare_Metal/libopencm3/lib/stm32/l1/systick.o
LOAD /home/ankitgote/Documents/Bare_Metal/libopencm3/lib/stm32/l1/timer_common_all.o
LOAD /home/ankitgote/Documents/Bare_Metal/libopencm3/lib/stm32/l1/timer.o
LOAD /home/ankitgote/Documents/Bare_Metal/libopencm3/lib/stm32/l1/usart_common_all.o
LOAD /home/ankitgote/Documents/Bare_Metal/libopencm3/lib/stm32/l1/usart_common_f124.o
LOAD /home/ankitgote/Documents/Bare_Metal/libopencm3/lib/stm32/l1/usb_audio.o
LOAD /home/ankitgote/Documents/Bare_Metal/libopencm3/lib/stm32/l1/usb_bos.o
LOAD /home/ankitgote/Documents/Bare_Metal/libopencm3/lib/stm32/l1/usb_cdc.o
LOAD /home/ankitgote/Documents/Bare_Metal/libopencm3/lib/stm32/l1/usb_control.o
LOAD /home/ankitgote/Documents/Bare_Metal/libopencm3/lib/stm32/l1/usb_hid.o
LOAD /home/ankitgote/Documents/Bare_Metal/libopencm3/lib/stm32/l1/usb_microsoft.o
LOAD /home/ankitgote/Documents/Bare_Metal/libopencm3/lib/stm32/l1/usb_midi.o
LOAD /home/ankitgote/Documents/Bare_Metal/libopencm3/lib/stm32/l1/usb_msc.o
LOAD /home/ankitgote/Documents/Bare_Metal/libopencm3/lib/stm32/l1/usb.o
LOAD /home/ankitgote/Documents/Bare_Metal/libopencm3/lib/stm32/l1/usb_standard.o
LOAD /home/ankitgote/Documents/Bare_Metal/libopencm3/lib/stm32/l1/vector.o
START GROUP
LOAD /usr/lib/gcc/arm-none-eabi/13.2.1/thumb/v7-m/nofp/libgcc.a
LOAD /usr/lib/gcc/arm-none-eabi/13.2.1/../../../arm-none-eabi/lib/thumb/v7-m/nofp/libc.a
END GROUP
                0x20004000                        _estack = (ORIGIN (RAM) + LENGTH (RAM))
                0x20004000                        _stack = _estack

.text           0x08000000     0x4af8
 *(.vectors)
 .vectors       0x08000000      0x124 /home/ankitgote/Documents/Bare_Metal/libopencm3/lib/stm32/l1/vector.o
                0x08000000                vector_table
 *(.text*)
 .text          0x08000124       0x84 src/main.o
                0x08000124                rcc_setup
                0x08000182                main
 .text          0x080001a8        0x0 /home/ankitgote/Documents/Bare_Metal/libopencm3/lib/stm32/l1/adc_common_v1_multi.o
 .text.adc_power_on
                0x080001a8        0xa /home/ankitgote/Documents/Bare_Metal/libopencm3/lib/stm32/l1/adc_common_v1_multi.o
                0x080001a8                adc_power_on
 *fill*         0x080001b2        0x2 
 .text.adc_set_clk_prescale
                0x080001b4       0x18 /home/ankitgote/Documents/Bare_Metal/libopencm3/lib/stm32/l1/adc_common_v1_multi.o
                0x080001b4                adc_set_clk_prescale
 .text.adc_enable_external_trigger_regular
                0x080001cc        0xe /home/ankitgote/Documents/Bare_Metal/libopencm3/lib/stm32/l1/adc_common_v1_multi.o
                0x080001cc                adc_enable_external_trigger_regular
 .text.adc_disable_external_trigger_regular
                0x080001da        0xa /home/ankitgote/Documents/Bare_Metal/libopencm3/lib/stm32/l1/adc_common_v1_multi.o
                0x080001da                adc_disable_external_trigger_regular
 .text.adc_enable_external_trigger_injected
                0x080001e4        0xe /home/ankitgote/Documents/Bare_Metal/libopencm3/lib/stm32/l1/adc_common_v1_multi.o
                0x080001e4                adc_enable_external_trigger_injected
 .text.adc_disable_external_trigger_injected
                0x080001f2        0xa /home/ankitgote/Documents/Bare_Metal/libopencm3/lib/stm32/l1/adc_common_v1_multi.o
                0x080001f2                adc_disable_external_trigger_injected
 .text.adc_set_resolution
                0x080001fc        0xc /home/ankitgote/Documents/Bare_Metal/libopencm3/lib/stm32/l1/adc_common_v1_multi.o
                0x080001fc                adc_set_resolution
 .text.adc_enable_overrun_interrupt
                0x08000208        0xa /home/ankitgote/Documents/Bare_Metal/libopencm3/lib/stm32/l1/adc_common_v1_multi.o
                0x08000208                adc_enable_overrun_interrupt
 .text.adc_disable_overrun_interrupt
                0x08000212        0xa /home/ankitgote/Documents/Bare_Metal/libopencm3/lib/stm32/l1/adc_common_v1_multi.o
                0x08000212                adc_disable_overrun_interrupt
 .text.adc_get_overrun_flag
                0x0800021c        0x8 /home/ankitgote/Documents/Bare_Metal/libopencm3/lib/stm32/l1/adc_common_v1_multi.o
                0x0800021c                adc_get_overrun_flag
 .text.adc_clear_overrun_flag
                0x08000224        0xa /home/ankitgote/Documents/Bare_Metal/libopencm3/lib/stm32/l1/adc_common_v1_multi.o
                0x08000224                adc_clear_overrun_flag
 .text.adc_eoc_after_each
                0x0800022e        0xa /home/ankitgote/Documents/Bare_Metal/libopencm3/lib/stm32/l1/adc_common_v1_multi.o
                0x0800022e                adc_eoc_after_each
 .text.adc_eoc_after_group
                0x08000238        0xa /home/ankitgote/Documents/Bare_Metal/libopencm3/lib/stm32/l1/adc_common_v1_multi.o
                0x08000238                adc_eoc_after_group
 .text.adc_set_dma_continue
                0x08000242        0xa /home/ankitgote/Documents/Bare_Metal/libopencm3/lib/stm32/l1/adc_common_v1_multi.o
                0x08000242                adc_set_dma_continue
 .text.adc_set_dma_terminate
                0x0800024c        0xa /home/ankitgote/Documents/Bare_Metal/libopencm3/lib/stm32/l1/adc_common_v1_multi.o
                0x0800024c                adc_set_dma_terminate
 .text.adc_awd  0x08000256        0x8 /home/ankitgote/Documents/Bare_Metal/libopencm3/lib/stm32/l1/adc_common_v1_multi.o
                0x08000256                adc_awd
 *fill*         0x0800025e        0x2 
 .text.adc_enable_temperature_sensor
                0x08000260       0x14 /home/ankitgote/Documents/Bare_Metal/libopencm3/lib/stm32/l1/adc_common_v1_multi.o
                0x08000260                adc_enable_temperature_sensor
 .text.adc_disable_temperature_sensor
                0x08000274       0x14 /home/ankitgote/Documents/Bare_Metal/libopencm3/lib/stm32/l1/adc_common_v1_multi.o
                0x08000274                adc_disable_temperature_sensor
 .text          0x08000288        0x0 /home/ankitgote/Documents/Bare_Metal/libopencm3/lib/stm32/l1/adc_common_v1.o
 .text.adc_power_off
                0x08000288        0xa /home/ankitgote/Documents/Bare_Metal/libopencm3/lib/stm32/l1/adc_common_v1.o
                0x08000288                adc_power_off
 .text.adc_enable_analog_watchdog_regular
                0x08000292        0xa /home/ankitgote/Documents/Bare_Metal/libopencm3/lib/stm32/l1/adc_common_v1.o
                0x08000292                adc_enable_analog_watchdog_regular
 .text.adc_disable_analog_watchdog_regular
                0x0800029c        0xa /home/ankitgote/Documents/Bare_Metal/libopencm3/lib/stm32/l1/adc_common_v1.o
                0x0800029c                adc_disable_analog_watchdog_regular
 .text.adc_enable_analog_watchdog_injected
                0x080002a6        0xa /home/ankitgote/Documents/Bare_Metal/libopencm3/lib/stm32/l1/adc_common_v1.o
                0x080002a6                adc_enable_analog_watchdog_injected
 .text.adc_disable_analog_watchdog_injected
                0x080002b0        0xa /home/ankitgote/Documents/Bare_Metal/libopencm3/lib/stm32/l1/adc_common_v1.o
                0x080002b0                adc_disable_analog_watchdog_injected
 .text.adc_enable_discontinuous_mode_regular
                0x080002ba       0x18 /home/ankitgote/Documents/Bare_Metal/libopencm3/lib/stm32/l1/adc_common_v1.o
                0x080002ba                adc_enable_discontinuous_mode_regular
 .text.adc_disable_discontinuous_mode_regular
                0x080002d2        0xa /home/ankitgote/Documents/Bare_Metal/libopencm3/lib/stm32/l1/adc_common_v1.o
                0x080002d2                adc_disable_discontinuous_mode_regular
 .text.adc_enable_discontinuous_mode_injected
                0x080002dc        0xa /home/ankitgote/Documents/Bare_Metal/libopencm3/lib/stm32/l1/adc_common_v1.o
                0x080002dc                adc_enable_discontinuous_mode_injected
 .text.adc_disable_discontinuous_mode_injected
                0x080002e6        0xa /home/ankitgote/Documents/Bare_Metal/libopencm3/lib/stm32/l1/adc_common_v1.o
                0x080002e6                adc_disable_discontinuous_mode_injected
 .text.adc_enable_automatic_injected_group_conversion
                0x080002f0       0x12 /home/ankitgote/Documents/Bare_Metal/libopencm3/lib/stm32/l1/adc_common_v1.o
                0x080002f0                adc_enable_automatic_injected_group_conversion
 .text.adc_disable_automatic_injected_group_conversion
                0x08000302        0xa /home/ankitgote/Documents/Bare_Metal/libopencm3/lib/stm32/l1/adc_common_v1.o
                0x08000302                adc_disable_automatic_injected_group_conversion
 .text.adc_enable_analog_watchdog_on_all_channels
                0x0800030c        0xa /home/ankitgote/Documents/Bare_Metal/libopencm3/lib/stm32/l1/adc_common_v1.o
                0x0800030c                adc_enable_analog_watchdog_on_all_channels
 .text.adc_enable_analog_watchdog_on_selected_channel
                0x08000316       0x18 /home/ankitgote/Documents/Bare_Metal/libopencm3/lib/stm32/l1/adc_common_v1.o
                0x08000316                adc_enable_analog_watchdog_on_selected_channel
 .text.adc_enable_scan_mode
                0x0800032e        0xa /home/ankitgote/Documents/Bare_Metal/libopencm3/lib/stm32/l1/adc_common_v1.o
                0x0800032e                adc_enable_scan_mode
 .text.adc_disable_scan_mode
                0x08000338        0xa /home/ankitgote/Documents/Bare_Metal/libopencm3/lib/stm32/l1/adc_common_v1.o
                0x08000338                adc_disable_scan_mode
 .text.adc_enable_eoc_interrupt_injected
                0x08000342        0xa /home/ankitgote/Documents/Bare_Metal/libopencm3/lib/stm32/l1/adc_common_v1.o
                0x08000342                adc_enable_eoc_interrupt_injected
 .text.adc_disable_eoc_interrupt_injected
                0x0800034c        0xa /home/ankitgote/Documents/Bare_Metal/libopencm3/lib/stm32/l1/adc_common_v1.o
                0x0800034c                adc_disable_eoc_interrupt_injected
 .text.adc_enable_awd_interrupt
                0x08000356        0xa /home/ankitgote/Documents/Bare_Metal/libopencm3/lib/stm32/l1/adc_common_v1.o
                0x08000356                adc_enable_awd_interrupt
 .text.adc_disable_awd_interrupt
                0x08000360        0xa /home/ankitgote/Documents/Bare_Metal/libopencm3/lib/stm32/l1/adc_common_v1.o
                0x08000360                adc_disable_awd_interrupt
 .text.adc_enable_eoc_interrupt
                0x0800036a        0xa /home/ankitgote/Documents/Bare_Metal/libopencm3/lib/stm32/l1/adc_common_v1.o
                0x0800036a                adc_enable_eoc_interrupt
 .text.adc_disable_eoc_interrupt
                0x08000374        0xa /home/ankitgote/Documents/Bare_Metal/libopencm3/lib/stm32/l1/adc_common_v1.o
                0x08000374                adc_disable_eoc_interrupt
 .text.adc_set_left_aligned
                0x0800037e        0xa /home/ankitgote/Documents/Bare_Metal/libopencm3/lib/stm32/l1/adc_common_v1.o
                0x0800037e                adc_set_left_aligned
 .text.adc_set_right_aligned
                0x08000388        0xa /home/ankitgote/Documents/Bare_Metal/libopencm3/lib/stm32/l1/adc_common_v1.o
                0x08000388                adc_set_right_aligned
 .text.adc_eoc  0x08000392        0x8 /home/ankitgote/Documents/Bare_Metal/libopencm3/lib/stm32/l1/adc_common_v1.o
                0x08000392                adc_eoc
 .text.adc_eoc_injected
                0x0800039a        0x8 /home/ankitgote/Documents/Bare_Metal/libopencm3/lib/stm32/l1/adc_common_v1.o
                0x0800039a                adc_eoc_injected
 .text.adc_read_regular
                0x080003a2        0x4 /home/ankitgote/Documents/Bare_Metal/libopencm3/lib/stm32/l1/adc_common_v1.o
                0x080003a2                adc_read_regular
 .text.adc_read_injected
                0x080003a6       0x24 /home/ankitgote/Documents/Bare_Metal/libopencm3/lib/stm32/l1/adc_common_v1.o
                0x080003a6                adc_read_injected
 .text.adc_set_continuous_conversion_mode
                0x080003ca        0xa /home/ankitgote/Documents/Bare_Metal/libopencm3/lib/stm32/l1/adc_common_v1.o
                0x080003ca                adc_set_continuous_conversion_mode
 .text.adc_set_single_conversion_mode
                0x080003d4        0xa /home/ankitgote/Documents/Bare_Metal/libopencm3/lib/stm32/l1/adc_common_v1.o
                0x080003d4                adc_set_single_conversion_mode
 .text.adc_set_watchdog_high_threshold
                0x080003de        0x8 /home/ankitgote/Documents/Bare_Metal/libopencm3/lib/stm32/l1/adc_common_v1.o
                0x080003de                adc_set_watchdog_high_threshold
 .text.adc_set_watchdog_low_threshold
                0x080003e6        0x8 /home/ankitgote/Documents/Bare_Metal/libopencm3/lib/stm32/l1/adc_common_v1.o
                0x080003e6                adc_set_watchdog_low_threshold
 .text.adc_set_regular_sequence
                0x080003ee       0xae /home/ankitgote/Documents/Bare_Metal/libopencm3/lib/stm32/l1/adc_common_v1.o
                0x080003ee                adc_set_regular_sequence
 .text.adc_set_injected_sequence
                0x0800049c       0x26 /home/ankitgote/Documents/Bare_Metal/libopencm3/lib/stm32/l1/adc_common_v1.o
                0x0800049c                adc_set_injected_sequence
 .text.adc_set_injected_offset
                0x080004c2       0x1e /home/ankitgote/Documents/Bare_Metal/libopencm3/lib/stm32/l1/adc_common_v1.o
                0x080004c2                adc_set_injected_offset
 .text.adc_start_conversion_regular
                0x080004e0       0x14 /home/ankitgote/Documents/Bare_Metal/libopencm3/lib/stm32/l1/adc_common_v1.o
                0x080004e0                adc_start_conversion_regular
 .text.adc_start_conversion_injected
                0x080004f4       0x14 /home/ankitgote/Documents/Bare_Metal/libopencm3/lib/stm32/l1/adc_common_v1.o
                0x080004f4                adc_start_conversion_injected
 .text.adc_enable_dma
                0x08000508        0xa /home/ankitgote/Documents/Bare_Metal/libopencm3/lib/stm32/l1/adc_common_v1.o
                0x08000508                adc_enable_dma
 .text.adc_disable_dma
                0x08000512        0xa /home/ankitgote/Documents/Bare_Metal/libopencm3/lib/stm32/l1/adc_common_v1.o
                0x08000512                adc_disable_dma
 .text.adc_get_flag
                0x0800051c        0xc /home/ankitgote/Documents/Bare_Metal/libopencm3/lib/stm32/l1/adc_common_v1.o
                0x0800051c                adc_get_flag
 .text.adc_clear_flag
                0x08000528        0x6 /home/ankitgote/Documents/Bare_Metal/libopencm3/lib/stm32/l1/adc_common_v1.o
                0x08000528                adc_clear_flag
 .text          0x0800052e        0x0 /home/ankitgote/Documents/Bare_Metal/libopencm3/lib/stm32/l1/adc.o
 .text.adc_set_sample_time
                0x0800052e       0x54 /home/ankitgote/Documents/Bare_Metal/libopencm3/lib/stm32/l1/adc.o
                0x0800052e                adc_set_sample_time
 .text.adc_set_sample_time_on_all_channels
                0x08000582       0x1e /home/ankitgote/Documents/Bare_Metal/libopencm3/lib/stm32/l1/adc.o
                0x08000582                adc_set_sample_time_on_all_channels
 .text          0x080005a0        0x0 /home/ankitgote/Documents/Bare_Metal/libopencm3/lib/stm32/l1/assert.o
 .text.cm3_assert_failed
                0x080005a0        0x2 /home/ankitgote/Documents/Bare_Metal/libopencm3/lib/stm32/l1/assert.o
                0x080005a0                cm3_assert_failed
 .text.cm3_assert_failed_verbose
                0x080005a2        0x6 /home/ankitgote/Documents/Bare_Metal/libopencm3/lib/stm32/l1/assert.o
                0x080005a2                cm3_assert_failed_verbose
 .text          0x080005a8        0x0 /home/ankitgote/Documents/Bare_Metal/libopencm3/lib/stm32/l1/crc_common_all.o
 .text.crc_reset
                0x080005a8       0x10 /home/ankitgote/Documents/Bare_Metal/libopencm3/lib/stm32/l1/crc_common_all.o
                0x080005a8                crc_reset
 .text.crc_calculate
                0x080005b8        0xc /home/ankitgote/Documents/Bare_Metal/libopencm3/lib/stm32/l1/crc_common_all.o
                0x080005b8                crc_calculate
 .text.crc_calculate_block
                0x080005c4       0x1c /home/ankitgote/Documents/Bare_Metal/libopencm3/lib/stm32/l1/crc_common_all.o
                0x080005c4                crc_calculate_block
 .text          0x080005e0        0x0 /home/ankitgote/Documents/Bare_Metal/libopencm3/lib/stm32/l1/dac_common_all.o
 .text.dac_enable
                0x080005e0       0x26 /home/ankitgote/Documents/Bare_Metal/libopencm3/lib/stm32/l1/dac_common_all.o
                0x080005e0                dac_enable
 .text.dac_disable
                0x08000606       0x26 /home/ankitgote/Documents/Bare_Metal/libopencm3/lib/stm32/l1/dac_common_all.o
                0x08000606                dac_disable
 .text.dac_dma_enable
                0x0800062c       0x26 /home/ankitgote/Documents/Bare_Metal/libopencm3/lib/stm32/l1/dac_common_all.o
                0x0800062c                dac_dma_enable
 .text.dac_dma_disable
                0x08000652       0x26 /home/ankitgote/Documents/Bare_Metal/libopencm3/lib/stm32/l1/dac_common_all.o
                0x08000652                dac_dma_disable
 .text.dac_trigger_enable
                0x08000678       0x26 /home/ankitgote/Documents/Bare_Metal/libopencm3/lib/stm32/l1/dac_common_all.o
                0x08000678                dac_trigger_enable
 .text.dac_trigger_disable
                0x0800069e       0x26 /home/ankitgote/Documents/Bare_Metal/libopencm3/lib/stm32/l1/dac_common_all.o
                0x0800069e                dac_trigger_disable
 .text.dac_set_trigger_source
                0x080006c4        0x8 /home/ankitgote/Documents/Bare_Metal/libopencm3/lib/stm32/l1/dac_common_all.o
                0x080006c4                dac_set_trigger_source
 .text.dac_set_waveform_generation
                0x080006cc       0x2e /home/ankitgote/Documents/Bare_Metal/libopencm3/lib/stm32/l1/dac_common_all.o
                0x080006cc                dac_set_waveform_generation
 .text.dac_disable_waveform_generation
                0x080006fa        0x6 /home/ankitgote/Documents/Bare_Metal/libopencm3/lib/stm32/l1/dac_common_all.o
                0x080006fa                dac_disable_waveform_generation
 .text.dac_set_waveform_characteristics
                0x08000700       0x2e /home/ankitgote/Documents/Bare_Metal/libopencm3/lib/stm32/l1/dac_common_all.o
                0x08000700                dac_set_waveform_characteristics
 .text.dac_load_data_buffer_single
                0x0800072e       0x34 /home/ankitgote/Documents/Bare_Metal/libopencm3/lib/stm32/l1/dac_common_all.o
                0x0800072e                dac_load_data_buffer_single
 *fill*         0x08000762        0x2 
 .text.dac_load_data_buffer_dual
                0x08000764       0x3c /home/ankitgote/Documents/Bare_Metal/libopencm3/lib/stm32/l1/dac_common_all.o
                0x08000764                dac_load_data_buffer_dual
 .text.dac_software_trigger
                0x080007a0       0x26 /home/ankitgote/Documents/Bare_Metal/libopencm3/lib/stm32/l1/dac_common_all.o
                0x080007a0                dac_software_trigger
 .text          0x080007c6        0x0 /home/ankitgote/Documents/Bare_Metal/libopencm3/lib/stm32/l1/dac_common_v1.o
 .text.dac_buffer_enable
                0x080007c6       0x26 /home/ankitgote/Documents/Bare_Metal/libopencm3/lib/stm32/l1/dac_common_v1.o
                0x080007c6                dac_buffer_enable
 .text.dac_buffer_disable
                0x080007ec       0x26 /home/ankitgote/Documents/Bare_Metal/libopencm3/lib/stm32/l1/dac_common_v1.o
                0x080007ec                dac_buffer_disable
 .text          0x08000812        0x0 /home/ankitgote/Documents/Bare_Metal/libopencm3/lib/stm32/l1/desig_common_all.o
 *fill*         0x08000812        0x2 
 .text.desig_get_unique_id_as_string
                0x08000814       0x70 /home/ankitgote/Documents/Bare_Metal/libopencm3/lib/stm32/l1/desig_common_all.o
                0x08000814                desig_get_unique_id_as_string
 .text.desig_get_unique_id_as_dfu
                0x08000884       0x9c /home/ankitgote/Documents/Bare_Metal/libopencm3/lib/stm32/l1/desig_common_all.o
                0x08000884                desig_get_unique_id_as_dfu
 .text          0x08000920        0x0 /home/ankitgote/Documents/Bare_Metal/libopencm3/lib/stm32/l1/desig.o
 .text.desig_get_flash_size
                0x08000920       0x64 /home/ankitgote/Documents/Bare_Metal/libopencm3/lib/stm32/l1/desig.o
                0x08000920                desig_get_flash_size
 .text.desig_get_unique_id
                0x08000984       0x50 /home/ankitgote/Documents/Bare_Metal/libopencm3/lib/stm32/l1/desig.o
                0x08000984                desig_get_unique_id
 .text          0x080009d4        0x0 /home/ankitgote/Documents/Bare_Metal/libopencm3/lib/stm32/l1/dma_common_l1f013.o
 .text.dma_channel_reset
                0x080009d4       0x20 /home/ankitgote/Documents/Bare_Metal/libopencm3/lib/stm32/l1/dma_common_l1f013.o
                0x080009d4                dma_channel_reset
 .text.dma_clear_interrupt_flags
                0x080009f4        0xa /home/ankitgote/Documents/Bare_Metal/libopencm3/lib/stm32/l1/dma_common_l1f013.o
                0x080009f4                dma_clear_interrupt_flags
 .text.dma_get_interrupt_flag
                0x080009fe       0x12 /home/ankitgote/Documents/Bare_Metal/libopencm3/lib/stm32/l1/dma_common_l1f013.o
                0x080009fe                dma_get_interrupt_flag
 .text.dma_enable_mem2mem_mode
                0x08000a10       0x1a /home/ankitgote/Documents/Bare_Metal/libopencm3/lib/stm32/l1/dma_common_l1f013.o
                0x08000a10                dma_enable_mem2mem_mode
 .text.dma_set_priority
                0x08000a2a       0x18 /home/ankitgote/Documents/Bare_Metal/libopencm3/lib/stm32/l1/dma_common_l1f013.o
                0x08000a2a                dma_set_priority
 .text.dma_set_memory_size
                0x08000a42       0x18 /home/ankitgote/Documents/Bare_Metal/libopencm3/lib/stm32/l1/dma_common_l1f013.o
                0x08000a42                dma_set_memory_size
 .text.dma_set_peripheral_size
                0x08000a5a       0x18 /home/ankitgote/Documents/Bare_Metal/libopencm3/lib/stm32/l1/dma_common_l1f013.o
                0x08000a5a                dma_set_peripheral_size
 .text.dma_enable_memory_increment_mode
                0x08000a72       0x12 /home/ankitgote/Documents/Bare_Metal/libopencm3/lib/stm32/l1/dma_common_l1f013.o
                0x08000a72                dma_enable_memory_increment_mode
 .text.dma_disable_memory_increment_mode
                0x08000a84       0x12 /home/ankitgote/Documents/Bare_Metal/libopencm3/lib/stm32/l1/dma_common_l1f013.o
                0x08000a84                dma_disable_memory_increment_mode
 .text.dma_enable_peripheral_increment_mode
                0x08000a96       0x12 /home/ankitgote/Documents/Bare_Metal/libopencm3/lib/stm32/l1/dma_common_l1f013.o
                0x08000a96                dma_enable_peripheral_increment_mode
 .text.dma_disable_peripheral_increment_mode
                0x08000aa8       0x12 /home/ankitgote/Documents/Bare_Metal/libopencm3/lib/stm32/l1/dma_common_l1f013.o
                0x08000aa8                dma_disable_peripheral_increment_mode
 .text.dma_enable_circular_mode
                0x08000aba       0x1a /home/ankitgote/Documents/Bare_Metal/libopencm3/lib/stm32/l1/dma_common_l1f013.o
                0x08000aba                dma_enable_circular_mode
 .text.dma_set_read_from_peripheral
                0x08000ad4       0x12 /home/ankitgote/Documents/Bare_Metal/libopencm3/lib/stm32/l1/dma_common_l1f013.o
                0x08000ad4                dma_set_read_from_peripheral
 .text.dma_set_read_from_memory
                0x08000ae6       0x12 /home/ankitgote/Documents/Bare_Metal/libopencm3/lib/stm32/l1/dma_common_l1f013.o
                0x08000ae6                dma_set_read_from_memory
 .text.dma_enable_transfer_error_interrupt
                0x08000af8       0x12 /home/ankitgote/Documents/Bare_Metal/libopencm3/lib/stm32/l1/dma_common_l1f013.o
                0x08000af8                dma_enable_transfer_error_interrupt
 .text.dma_disable_transfer_error_interrupt
                0x08000b0a       0x12 /home/ankitgote/Documents/Bare_Metal/libopencm3/lib/stm32/l1/dma_common_l1f013.o
                0x08000b0a                dma_disable_transfer_error_interrupt
 .text.dma_enable_half_transfer_interrupt
                0x08000b1c       0x12 /home/ankitgote/Documents/Bare_Metal/libopencm3/lib/stm32/l1/dma_common_l1f013.o
                0x08000b1c                dma_enable_half_transfer_interrupt
 .text.dma_disable_half_transfer_interrupt
                0x08000b2e       0x12 /home/ankitgote/Documents/Bare_Metal/libopencm3/lib/stm32/l1/dma_common_l1f013.o
                0x08000b2e                dma_disable_half_transfer_interrupt
 .text.dma_enable_transfer_complete_interrupt
                0x08000b40       0x12 /home/ankitgote/Documents/Bare_Metal/libopencm3/lib/stm32/l1/dma_common_l1f013.o
                0x08000b40                dma_enable_transfer_complete_interrupt
 .text.dma_disable_transfer_complete_interrupt
                0x08000b52       0x12 /home/ankitgote/Documents/Bare_Metal/libopencm3/lib/stm32/l1/dma_common_l1f013.o
                0x08000b52                dma_disable_transfer_complete_interrupt
 .text.dma_enable_channel
                0x08000b64       0x12 /home/ankitgote/Documents/Bare_Metal/libopencm3/lib/stm32/l1/dma_common_l1f013.o
                0x08000b64                dma_enable_channel
 .text.dma_disable_channel
                0x08000b76       0x12 /home/ankitgote/Documents/Bare_Metal/libopencm3/lib/stm32/l1/dma_common_l1f013.o
                0x08000b76                dma_disable_channel
 .text.dma_set_peripheral_address
                0x08000b88       0x12 /home/ankitgote/Documents/Bare_Metal/libopencm3/lib/stm32/l1/dma_common_l1f013.o
                0x08000b88                dma_set_peripheral_address
 .text.dma_set_memory_address
                0x08000b9a       0x12 /home/ankitgote/Documents/Bare_Metal/libopencm3/lib/stm32/l1/dma_common_l1f013.o
                0x08000b9a                dma_set_memory_address
 .text.dma_get_number_of_data
                0x08000bac        0xe /home/ankitgote/Documents/Bare_Metal/libopencm3/lib/stm32/l1/dma_common_l1f013.o
                0x08000bac                dma_get_number_of_data
 .text.dma_set_number_of_data
                0x08000bba        0xc /home/ankitgote/Documents/Bare_Metal/libopencm3/lib/stm32/l1/dma_common_l1f013.o
                0x08000bba                dma_set_number_of_data
 .text          0x08000bc6        0x0 /home/ankitgote/Documents/Bare_Metal/libopencm3/lib/stm32/l1/dwt.o
 *fill*         0x08000bc6        0x2 
 .text.dwt_enable_cycle_counter
                0x08000bc8       0x30 /home/ankitgote/Documents/Bare_Metal/libopencm3/lib/stm32/l1/dwt.o
                0x08000bc8                dwt_enable_cycle_counter
 .text.dwt_read_cycle_counter
                0x08000bf8       0x14 /home/ankitgote/Documents/Bare_Metal/libopencm3/lib/stm32/l1/dwt.o
                0x08000bf8                dwt_read_cycle_counter
 .text          0x08000c0c        0x0 /home/ankitgote/Documents/Bare_Metal/libopencm3/lib/stm32/l1/exti_common_all.o
 .text.exti_set_trigger
                0x08000c0c       0x48 /home/ankitgote/Documents/Bare_Metal/libopencm3/lib/stm32/l1/exti_common_all.o
                0x08000c0c                exti_set_trigger
 .text.exti_enable_request
                0x08000c54       0x1c /home/ankitgote/Documents/Bare_Metal/libopencm3/lib/stm32/l1/exti_common_all.o
                0x08000c54                exti_enable_request
 .text.exti_disable_request
                0x08000c70       0x20 /home/ankitgote/Documents/Bare_Metal/libopencm3/lib/stm32/l1/exti_common_all.o
                0x08000c70                exti_disable_request
 .text.exti_reset_request
                0x08000c90        0xc /home/ankitgote/Documents/Bare_Metal/libopencm3/lib/stm32/l1/exti_common_all.o
                0x08000c90                exti_reset_request
 .text.exti_get_flag_status
                0x08000c9c       0x10 /home/ankitgote/Documents/Bare_Metal/libopencm3/lib/stm32/l1/exti_common_all.o
                0x08000c9c                exti_get_flag_status
 .text.exti_select_source
                0x08000cac       0x94 /home/ankitgote/Documents/Bare_Metal/libopencm3/lib/stm32/l1/exti_common_all.o
                0x08000cac                exti_select_source
 .text          0x08000d40        0x0 /home/ankitgote/Documents/Bare_Metal/libopencm3/lib/stm32/l1/flash_common_all.o
 .text.flash_prefetch_enable
                0x08000d40       0x14 /home/ankitgote/Documents/Bare_Metal/libopencm3/lib/stm32/l1/flash_common_all.o
                0x08000d40                flash_prefetch_enable
 .text.flash_prefetch_disable
                0x08000d54       0x14 /home/ankitgote/Documents/Bare_Metal/libopencm3/lib/stm32/l1/flash_common_all.o
                0x08000d54                flash_prefetch_disable
 .text.flash_set_ws
                0x08000d68       0x18 /home/ankitgote/Documents/Bare_Metal/libopencm3/lib/stm32/l1/flash_common_all.o
                0x08000d68                flash_set_ws
 .text.flash_unlock_option_bytes
                0x08000d80       0x24 /home/ankitgote/Documents/Bare_Metal/libopencm3/lib/stm32/l1/flash_common_all.o
                0x08000d80                flash_unlock_option_bytes
 .text          0x08000da4        0x0 /home/ankitgote/Documents/Bare_Metal/libopencm3/lib/stm32/l1/flash_common_l01.o
 .text.flash_unlock_pecr
                0x08000da4       0x1c /home/ankitgote/Documents/Bare_Metal/libopencm3/lib/stm32/l1/flash_common_l01.o
                0x08000da4                flash_unlock_pecr
 .text.flash_lock_pecr
                0x08000dc0       0x14 /home/ankitgote/Documents/Bare_Metal/libopencm3/lib/stm32/l1/flash_common_l01.o
                0x08000dc0                flash_lock_pecr
 .text.flash_unlock_progmem
                0x08000dd4       0x24 /home/ankitgote/Documents/Bare_Metal/libopencm3/lib/stm32/l1/flash_common_l01.o
                0x08000dd4                flash_unlock_progmem
 .text.flash_lock_progmem
                0x08000df8       0x14 /home/ankitgote/Documents/Bare_Metal/libopencm3/lib/stm32/l1/flash_common_l01.o
                0x08000df8                flash_lock_progmem
 .text.flash_lock_option_bytes
                0x08000e0c       0x14 /home/ankitgote/Documents/Bare_Metal/libopencm3/lib/stm32/l1/flash_common_l01.o
                0x08000e0c                flash_lock_option_bytes
 .text.flash_unlock
                0x08000e20       0x12 /home/ankitgote/Documents/Bare_Metal/libopencm3/lib/stm32/l1/flash_common_l01.o
                0x08000e20                flash_unlock
 .text.flash_lock
                0x08000e32       0x12 /home/ankitgote/Documents/Bare_Metal/libopencm3/lib/stm32/l1/flash_common_l01.o
                0x08000e32                flash_lock
 .text.flash_unlock_acr
                0x08000e44       0x1c /home/ankitgote/Documents/Bare_Metal/libopencm3/lib/stm32/l1/flash_common_l01.o
                0x08000e44                flash_unlock_acr
 .text.flash_erase_page
                0x08000e60       0x2c /home/ankitgote/Documents/Bare_Metal/libopencm3/lib/stm32/l1/flash_common_l01.o
                0x08000e60                flash_erase_page
 .text.eeprom_program_word
                0x08000e8c       0x24 /home/ankitgote/Documents/Bare_Metal/libopencm3/lib/stm32/l1/flash_common_l01.o
                0x08000e8c                eeprom_program_word
 .text.eeprom_program_words
                0x08000eb0       0x48 /home/ankitgote/Documents/Bare_Metal/libopencm3/lib/stm32/l1/flash_common_l01.o
                0x08000eb0                eeprom_program_words
 .text          0x08000ef8        0x0 /home/ankitgote/Documents/Bare_Metal/libopencm3/lib/stm32/l1/flash.o
 .text.flash_64bit_enable
                0x08000ef8       0x14 /home/ankitgote/Documents/Bare_Metal/libopencm3/lib/stm32/l1/flash.o
                0x08000ef8                flash_64bit_enable
 .text.flash_64bit_disable
                0x08000f0c       0x14 /home/ankitgote/Documents/Bare_Metal/libopencm3/lib/stm32/l1/flash.o
                0x08000f0c                flash_64bit_disable
 .text          0x08000f20        0x0 /home/ankitgote/Documents/Bare_Metal/libopencm3/lib/stm32/l1/gpio_common_all.o
 .text.gpio_set
                0x08000f20        0x4 /home/ankitgote/Documents/Bare_Metal/libopencm3/lib/stm32/l1/gpio_common_all.o
                0x08000f20                gpio_set
 .text.gpio_clear
                0x08000f24        0x6 /home/ankitgote/Documents/Bare_Metal/libopencm3/lib/stm32/l1/gpio_common_all.o
                0x08000f24                gpio_clear
 .text.gpio_get
                0x08000f2a        0x6 /home/ankitgote/Documents/Bare_Metal/libopencm3/lib/stm32/l1/gpio_common_all.o
                0x08000f2a                gpio_get
 .text.gpio_toggle
                0x08000f30       0x12 /home/ankitgote/Documents/Bare_Metal/libopencm3/lib/stm32/l1/gpio_common_all.o
                0x08000f30                gpio_toggle
 .text.gpio_port_read
                0x08000f42        0x6 /home/ankitgote/Documents/Bare_Metal/libopencm3/lib/stm32/l1/gpio_common_all.o
                0x08000f42                gpio_port_read
 .text.gpio_port_write
                0x08000f48        0x4 /home/ankitgote/Documents/Bare_Metal/libopencm3/lib/stm32/l1/gpio_common_all.o
                0x08000f48                gpio_port_write
 .text.gpio_port_config_lock
                0x08000f4c       0x10 /home/ankitgote/Documents/Bare_Metal/libopencm3/lib/stm32/l1/gpio_common_all.o
                0x08000f4c                gpio_port_config_lock
 .text          0x08000f5c        0x0 /home/ankitgote/Documents/Bare_Metal/libopencm3/lib/stm32/l1/gpio_common_f0234.o
 .text.gpio_mode_setup
                0x08000f5c       0x40 /home/ankitgote/Documents/Bare_Metal/libopencm3/lib/stm32/l1/gpio_common_f0234.o
                0x08000f5c                gpio_mode_setup
 .text.gpio_set_output_options
                0x08000f9c       0x36 /home/ankitgote/Documents/Bare_Metal/libopencm3/lib/stm32/l1/gpio_common_f0234.o
                0x08000f9c                gpio_set_output_options
 .text.gpio_set_af
                0x08000fd2       0x58 /home/ankitgote/Documents/Bare_Metal/libopencm3/lib/stm32/l1/gpio_common_f0234.o
                0x08000fd2                gpio_set_af
 .text          0x0800102a        0x0 /home/ankitgote/Documents/Bare_Metal/libopencm3/lib/stm32/l1/i2c_common_v1.o
 .text.i2c_peripheral_enable
                0x0800102a        0xa /home/ankitgote/Documents/Bare_Metal/libopencm3/lib/stm32/l1/i2c_common_v1.o
                0x0800102a                i2c_peripheral_enable
 .text.i2c_peripheral_disable
                0x08001034        0xa /home/ankitgote/Documents/Bare_Metal/libopencm3/lib/stm32/l1/i2c_common_v1.o
                0x08001034                i2c_peripheral_disable
 .text.i2c_send_start
                0x0800103e        0xa /home/ankitgote/Documents/Bare_Metal/libopencm3/lib/stm32/l1/i2c_common_v1.o
                0x0800103e                i2c_send_start
 .text.i2c_send_stop
                0x08001048        0xa /home/ankitgote/Documents/Bare_Metal/libopencm3/lib/stm32/l1/i2c_common_v1.o
                0x08001048                i2c_send_stop
 .text.i2c_clear_stop
                0x08001052        0xa /home/ankitgote/Documents/Bare_Metal/libopencm3/lib/stm32/l1/i2c_common_v1.o
                0x08001052                i2c_clear_stop
 .text.i2c_set_own_7bit_slave_address
                0x0800105c        0xa /home/ankitgote/Documents/Bare_Metal/libopencm3/lib/stm32/l1/i2c_common_v1.o
                0x0800105c                i2c_set_own_7bit_slave_address
 .text.i2c_set_own_10bit_slave_address
                0x08001066        0x8 /home/ankitgote/Documents/Bare_Metal/libopencm3/lib/stm32/l1/i2c_common_v1.o
                0x08001066                i2c_set_own_10bit_slave_address
 .text.i2c_set_own_7bit_slave_address_two
                0x0800106e        0x6 /home/ankitgote/Documents/Bare_Metal/libopencm3/lib/stm32/l1/i2c_common_v1.o
                0x0800106e                i2c_set_own_7bit_slave_address_two
 .text.i2c_enable_dual_addressing_mode
                0x08001074        0xa /home/ankitgote/Documents/Bare_Metal/libopencm3/lib/stm32/l1/i2c_common_v1.o
                0x08001074                i2c_enable_dual_addressing_mode
 .text.i2c_disable_dual_addressing_mode
                0x0800107e        0xa /home/ankitgote/Documents/Bare_Metal/libopencm3/lib/stm32/l1/i2c_common_v1.o
                0x0800107e                i2c_disable_dual_addressing_mode
 .text.i2c_set_clock_frequency
                0x08001088        0xe /home/ankitgote/Documents/Bare_Metal/libopencm3/lib/stm32/l1/i2c_common_v1.o
                0x08001088                i2c_set_clock_frequency
 .text.i2c_send_data
                0x08001096        0x4 /home/ankitgote/Documents/Bare_Metal/libopencm3/lib/stm32/l1/i2c_common_v1.o
                0x08001096                i2c_send_data
 .text.i2c_set_fast_mode
                0x0800109a        0xa /home/ankitgote/Documents/Bare_Metal/libopencm3/lib/stm32/l1/i2c_common_v1.o
                0x0800109a                i2c_set_fast_mode
 .text.i2c_set_standard_mode
                0x080010a4        0xa /home/ankitgote/Documents/Bare_Metal/libopencm3/lib/stm32/l1/i2c_common_v1.o
                0x080010a4                i2c_set_standard_mode
 .text.i2c_set_ccr
                0x080010ae        0xc /home/ankitgote/Documents/Bare_Metal/libopencm3/lib/stm32/l1/i2c_common_v1.o
                0x080010ae                i2c_set_ccr
 .text.i2c_set_trise
                0x080010ba        0x4 /home/ankitgote/Documents/Bare_Metal/libopencm3/lib/stm32/l1/i2c_common_v1.o
                0x080010ba                i2c_set_trise
 .text.i2c_send_7bit_address
                0x080010be        0xa /home/ankitgote/Documents/Bare_Metal/libopencm3/lib/stm32/l1/i2c_common_v1.o
                0x080010be                i2c_send_7bit_address
 .text.i2c_get_data
                0x080010c8        0x6 /home/ankitgote/Documents/Bare_Metal/libopencm3/lib/stm32/l1/i2c_common_v1.o
                0x080010c8                i2c_get_data
 .text.i2c_enable_interrupt
                0x080010ce        0x8 /home/ankitgote/Documents/Bare_Metal/libopencm3/lib/stm32/l1/i2c_common_v1.o
                0x080010ce                i2c_enable_interrupt
 .text.i2c_disable_interrupt
                0x080010d6        0xa /home/ankitgote/Documents/Bare_Metal/libopencm3/lib/stm32/l1/i2c_common_v1.o
                0x080010d6                i2c_disable_interrupt
 .text.i2c_enable_ack
                0x080010e0        0xa /home/ankitgote/Documents/Bare_Metal/libopencm3/lib/stm32/l1/i2c_common_v1.o
                0x080010e0                i2c_enable_ack
 .text.i2c_disable_ack
                0x080010ea        0xa /home/ankitgote/Documents/Bare_Metal/libopencm3/lib/stm32/l1/i2c_common_v1.o
                0x080010ea                i2c_disable_ack
 .text.i2c_nack_next
                0x080010f4        0xa /home/ankitgote/Documents/Bare_Metal/libopencm3/lib/stm32/l1/i2c_common_v1.o
                0x080010f4                i2c_nack_next
 .text.i2c_nack_current
                0x080010fe        0xa /home/ankitgote/Documents/Bare_Metal/libopencm3/lib/stm32/l1/i2c_common_v1.o
                0x080010fe                i2c_nack_current
 .text.i2c_set_dutycycle
                0x08001108       0x12 /home/ankitgote/Documents/Bare_Metal/libopencm3/lib/stm32/l1/i2c_common_v1.o
                0x08001108                i2c_set_dutycycle
 .text.i2c_enable_dma
                0x0800111a        0xa /home/ankitgote/Documents/Bare_Metal/libopencm3/lib/stm32/l1/i2c_common_v1.o
                0x0800111a                i2c_enable_dma
 .text.i2c_disable_dma
                0x08001124        0xa /home/ankitgote/Documents/Bare_Metal/libopencm3/lib/stm32/l1/i2c_common_v1.o
                0x08001124                i2c_disable_dma
 .text.i2c_set_dma_last_transfer
                0x0800112e        0xa /home/ankitgote/Documents/Bare_Metal/libopencm3/lib/stm32/l1/i2c_common_v1.o
                0x0800112e                i2c_set_dma_last_transfer
 .text.i2c_clear_dma_last_transfer
                0x08001138        0xa /home/ankitgote/Documents/Bare_Metal/libopencm3/lib/stm32/l1/i2c_common_v1.o
                0x08001138                i2c_clear_dma_last_transfer
 .text.i2c_transfer7
                0x08001142       0xb4 /home/ankitgote/Documents/Bare_Metal/libopencm3/lib/stm32/l1/i2c_common_v1.o
                0x08001142                i2c_transfer7
 .text.i2c_set_speed
                0x080011f6       0x3a /home/ankitgote/Documents/Bare_Metal/libopencm3/lib/stm32/l1/i2c_common_v1.o
                0x080011f6                i2c_set_speed
 .text          0x08001230        0x0 /home/ankitgote/Documents/Bare_Metal/libopencm3/lib/stm32/l1/iwdg_common_all.o
 .text.iwdg_start
                0x08001230       0x10 /home/ankitgote/Documents/Bare_Metal/libopencm3/lib/stm32/l1/iwdg_common_all.o
                0x08001230                iwdg_start
 .text.iwdg_reload_busy
                0x08001240       0x10 /home/ankitgote/Documents/Bare_Metal/libopencm3/lib/stm32/l1/iwdg_common_all.o
                0x08001240                iwdg_reload_busy
 .text.iwdg_set_period_ms
                0x08001250       0x58 /home/ankitgote/Documents/Bare_Metal/libopencm3/lib/stm32/l1/iwdg_common_all.o
                0x08001250                iwdg_set_period_ms
 .text.iwdg_prescaler_busy
                0x080012a8       0x10 /home/ankitgote/Documents/Bare_Metal/libopencm3/lib/stm32/l1/iwdg_common_all.o
                0x080012a8                iwdg_prescaler_busy
 .text.iwdg_reset
                0x080012b8       0x10 /home/ankitgote/Documents/Bare_Metal/libopencm3/lib/stm32/l1/iwdg_common_all.o
                0x080012b8                iwdg_reset
 .text.iwdg_enable_early_wakeup
                0x080012c8       0x18 /home/ankitgote/Documents/Bare_Metal/libopencm3/lib/stm32/l1/iwdg_common_all.o
                0x080012c8                iwdg_enable_early_wakeup
 .text.iwdg_disable_early_wakeup
                0x080012e0       0x18 /home/ankitgote/Documents/Bare_Metal/libopencm3/lib/stm32/l1/iwdg_common_all.o
                0x080012e0                iwdg_disable_early_wakeup
 .text.iwdg_ack_early_wakeup
                0x080012f8       0x18 /home/ankitgote/Documents/Bare_Metal/libopencm3/lib/stm32/l1/iwdg_common_all.o
                0x080012f8                iwdg_ack_early_wakeup
 .text          0x08001310        0x0 /home/ankitgote/Documents/Bare_Metal/libopencm3/lib/stm32/l1/lcd.o
 .text.lcd_enable
                0x08001310       0x14 /home/ankitgote/Documents/Bare_Metal/libopencm3/lib/stm32/l1/lcd.o
                0x08001310                lcd_enable
 .text.lcd_update
                0x08001324       0x14 /home/ankitgote/Documents/Bare_Metal/libopencm3/lib/stm32/l1/lcd.o
                0x08001324                lcd_update
 .text.lcd_wait_for_lcd_enabled
                0x08001338       0x10 /home/ankitgote/Documents/Bare_Metal/libopencm3/lib/stm32/l1/lcd.o
                0x08001338                lcd_wait_for_lcd_enabled
 .text.lcd_wait_for_step_up_ready
                0x08001348       0x10 /home/ankitgote/Documents/Bare_Metal/libopencm3/lib/stm32/l1/lcd.o
                0x08001348                lcd_wait_for_step_up_ready
 .text.lcd_wait_for_update_ready
                0x08001358       0x10 /home/ankitgote/Documents/Bare_Metal/libopencm3/lib/stm32/l1/lcd.o
                0x08001358                lcd_wait_for_update_ready
 .text.lcd_is_enabled
                0x08001368       0x10 /home/ankitgote/Documents/Bare_Metal/libopencm3/lib/stm32/l1/lcd.o
                0x08001368                lcd_is_enabled
 .text.lcd_is_step_up_ready
                0x08001378       0x10 /home/ankitgote/Documents/Bare_Metal/libopencm3/lib/stm32/l1/lcd.o
                0x08001378                lcd_is_step_up_ready
 .text.lcd_is_for_update_ready
                0x08001388       0x14 /home/ankitgote/Documents/Bare_Metal/libopencm3/lib/stm32/l1/lcd.o
                0x08001388                lcd_is_for_update_ready
 .text.lcd_set_contrast
                0x0800139c       0x20 /home/ankitgote/Documents/Bare_Metal/libopencm3/lib/stm32/l1/lcd.o
                0x0800139c                lcd_set_contrast
 .text.lcd_set_bias
                0x080013bc       0x20 /home/ankitgote/Documents/Bare_Metal/libopencm3/lib/stm32/l1/lcd.o
                0x080013bc                lcd_set_bias
 .text.lcd_set_duty
                0x080013dc       0x20 /home/ankitgote/Documents/Bare_Metal/libopencm3/lib/stm32/l1/lcd.o
                0x080013dc                lcd_set_duty
 .text.lcd_set_prescaler
                0x080013fc       0x20 /home/ankitgote/Documents/Bare_Metal/libopencm3/lib/stm32/l1/lcd.o
                0x080013fc                lcd_set_prescaler
 .text.lcd_set_divider
                0x0800141c       0x20 /home/ankitgote/Documents/Bare_Metal/libopencm3/lib/stm32/l1/lcd.o
                0x0800141c                lcd_set_divider
 .text.lcd_enable_segment_multiplexing
                0x0800143c       0x14 /home/ankitgote/Documents/Bare_Metal/libopencm3/lib/stm32/l1/lcd.o
                0x0800143c                lcd_enable_segment_multiplexing
 .text.lcd_disable_segment_multiplexing
                0x08001450       0x14 /home/ankitgote/Documents/Bare_Metal/libopencm3/lib/stm32/l1/lcd.o
                0x08001450                lcd_disable_segment_multiplexing
 .text.lcd_set_refresh_frequency
                0x08001464       0x64 /home/ankitgote/Documents/Bare_Metal/libopencm3/lib/stm32/l1/lcd.o
                0x08001464                lcd_set_refresh_frequency
 .text          0x080014c8        0x0 /home/ankitgote/Documents/Bare_Metal/libopencm3/lib/stm32/l1/nvic.o
 .text.nvic_enable_irq
                0x080014c8       0x18 /home/ankitgote/Documents/Bare_Metal/libopencm3/lib/stm32/l1/nvic.o
                0x080014c8                nvic_enable_irq
 .text.nvic_disable_irq
                0x080014e0       0x18 /home/ankitgote/Documents/Bare_Metal/libopencm3/lib/stm32/l1/nvic.o
                0x080014e0                nvic_disable_irq
 .text.nvic_get_pending_irq
                0x080014f8       0x20 /home/ankitgote/Documents/Bare_Metal/libopencm3/lib/stm32/l1/nvic.o
                0x080014f8                nvic_get_pending_irq
 .text.nvic_set_pending_irq
                0x08001518       0x18 /home/ankitgote/Documents/Bare_Metal/libopencm3/lib/stm32/l1/nvic.o
                0x08001518                nvic_set_pending_irq
 .text.nvic_clear_pending_irq
                0x08001530       0x18 /home/ankitgote/Documents/Bare_Metal/libopencm3/lib/stm32/l1/nvic.o
                0x08001530                nvic_clear_pending_irq
 .text.nvic_get_irq_enabled
                0x08001548       0x20 /home/ankitgote/Documents/Bare_Metal/libopencm3/lib/stm32/l1/nvic.o
                0x08001548                nvic_get_irq_enabled
 .text.nvic_set_priority
                0x08001568       0x20 /home/ankitgote/Documents/Bare_Metal/libopencm3/lib/stm32/l1/nvic.o
                0x08001568                nvic_set_priority
 .text.nvic_get_active_irq
                0x08001588       0x20 /home/ankitgote/Documents/Bare_Metal/libopencm3/lib/stm32/l1/nvic.o
                0x08001588                nvic_get_active_irq
 .text.nvic_generate_software_interrupt
                0x080015a8       0x14 /home/ankitgote/Documents/Bare_Metal/libopencm3/lib/stm32/l1/nvic.o
                0x080015a8                nvic_generate_software_interrupt
 .text          0x080015bc        0x0 /home/ankitgote/Documents/Bare_Metal/libopencm3/lib/stm32/l1/pwr_common_v1.o
 .text.pwr_disable_backup_domain_write_protect
                0x080015bc       0x10 /home/ankitgote/Documents/Bare_Metal/libopencm3/lib/stm32/l1/pwr_common_v1.o
                0x080015bc                pwr_disable_backup_domain_write_protect
 .text.pwr_enable_backup_domain_write_protect
                0x080015cc       0x10 /home/ankitgote/Documents/Bare_Metal/libopencm3/lib/stm32/l1/pwr_common_v1.o
                0x080015cc                pwr_enable_backup_domain_write_protect
 .text.pwr_enable_power_voltage_detect
                0x080015dc       0x1c /home/ankitgote/Documents/Bare_Metal/libopencm3/lib/stm32/l1/pwr_common_v1.o
                0x080015dc                pwr_enable_power_voltage_detect
 .text.pwr_disable_power_voltage_detect
                0x080015f8       0x10 /home/ankitgote/Documents/Bare_Metal/libopencm3/lib/stm32/l1/pwr_common_v1.o
                0x080015f8                pwr_disable_power_voltage_detect
 .text.pwr_clear_standby_flag
                0x08001608       0x10 /home/ankitgote/Documents/Bare_Metal/libopencm3/lib/stm32/l1/pwr_common_v1.o
                0x08001608                pwr_clear_standby_flag
 .text.pwr_clear_wakeup_flag
                0x08001618       0x10 /home/ankitgote/Documents/Bare_Metal/libopencm3/lib/stm32/l1/pwr_common_v1.o
                0x08001618                pwr_clear_wakeup_flag
 .text.pwr_set_standby_mode
                0x08001628       0x10 /home/ankitgote/Documents/Bare_Metal/libopencm3/lib/stm32/l1/pwr_common_v1.o
                0x08001628                pwr_set_standby_mode
 .text.pwr_set_stop_mode
                0x08001638       0x10 /home/ankitgote/Documents/Bare_Metal/libopencm3/lib/stm32/l1/pwr_common_v1.o
                0x08001638                pwr_set_stop_mode
 .text.pwr_voltage_regulator_on_in_stop
                0x08001648       0x10 /home/ankitgote/Documents/Bare_Metal/libopencm3/lib/stm32/l1/pwr_common_v1.o
                0x08001648                pwr_voltage_regulator_on_in_stop
 .text.pwr_voltage_regulator_low_power_in_stop
                0x08001658       0x10 /home/ankitgote/Documents/Bare_Metal/libopencm3/lib/stm32/l1/pwr_common_v1.o
                0x08001658                pwr_voltage_regulator_low_power_in_stop
 .text.pwr_enable_wakeup_pin
                0x08001668       0x10 /home/ankitgote/Documents/Bare_Metal/libopencm3/lib/stm32/l1/pwr_common_v1.o
                0x08001668                pwr_enable_wakeup_pin
 .text.pwr_disable_wakeup_pin
                0x08001678       0x10 /home/ankitgote/Documents/Bare_Metal/libopencm3/lib/stm32/l1/pwr_common_v1.o
                0x08001678                pwr_disable_wakeup_pin
 .text.pwr_voltage_high
                0x08001688       0x14 /home/ankitgote/Documents/Bare_Metal/libopencm3/lib/stm32/l1/pwr_common_v1.o
                0x08001688                pwr_voltage_high
 .text.pwr_get_standby_flag
                0x0800169c       0x10 /home/ankitgote/Documents/Bare_Metal/libopencm3/lib/stm32/l1/pwr_common_v1.o
                0x0800169c                pwr_get_standby_flag
 .text.pwr_get_wakeup_flag
                0x080016ac       0x10 /home/ankitgote/Documents/Bare_Metal/libopencm3/lib/stm32/l1/pwr_common_v1.o
                0x080016ac                pwr_get_wakeup_flag
 .text          0x080016bc        0x0 /home/ankitgote/Documents/Bare_Metal/libopencm3/lib/stm32/l1/pwr_common_v2.o
 .text.pwr_set_vos_scale
                0x080016bc       0x2c /home/ankitgote/Documents/Bare_Metal/libopencm3/lib/stm32/l1/pwr_common_v2.o
                0x080016bc                pwr_set_vos_scale
 .text          0x080016e8        0x0 /home/ankitgote/Documents/Bare_Metal/libopencm3/lib/stm32/l1/rcc_common_all.o
 .text.rcc_peripheral_enable_clock
                0x080016e8        0x8 /home/ankitgote/Documents/Bare_Metal/libopencm3/lib/stm32/l1/rcc_common_all.o
                0x080016e8                rcc_peripheral_enable_clock
 .text.rcc_peripheral_disable_clock
                0x080016f0        0xa /home/ankitgote/Documents/Bare_Metal/libopencm3/lib/stm32/l1/rcc_common_all.o
                0x080016f0                rcc_peripheral_disable_clock
 .text.rcc_peripheral_reset
                0x080016fa        0x8 /home/ankitgote/Documents/Bare_Metal/libopencm3/lib/stm32/l1/rcc_common_all.o
                0x080016fa                rcc_peripheral_reset
 .text.rcc_peripheral_clear_reset
                0x08001702        0xa /home/ankitgote/Documents/Bare_Metal/libopencm3/lib/stm32/l1/rcc_common_all.o
                0x08001702                rcc_peripheral_clear_reset
 .text.rcc_periph_clock_enable
                0x0800170c       0x1a /home/ankitgote/Documents/Bare_Metal/libopencm3/lib/stm32/l1/rcc_common_all.o
                0x0800170c                rcc_periph_clock_enable
 .text.rcc_periph_clock_disable
                0x08001726       0x1c /home/ankitgote/Documents/Bare_Metal/libopencm3/lib/stm32/l1/rcc_common_all.o
                0x08001726                rcc_periph_clock_disable
 .text.rcc_periph_reset_pulse
                0x08001742       0x22 /home/ankitgote/Documents/Bare_Metal/libopencm3/lib/stm32/l1/rcc_common_all.o
                0x08001742                rcc_periph_reset_pulse
 .text.rcc_periph_reset_hold
                0x08001764        0x4 /home/ankitgote/Documents/Bare_Metal/libopencm3/lib/stm32/l1/rcc_common_all.o
                0x08001764                rcc_periph_reset_hold
 .text.rcc_periph_reset_release
                0x08001768        0x4 /home/ankitgote/Documents/Bare_Metal/libopencm3/lib/stm32/l1/rcc_common_all.o
                0x08001768                rcc_periph_reset_release
 .text.rcc_set_mco
                0x0800176c       0x18 /home/ankitgote/Documents/Bare_Metal/libopencm3/lib/stm32/l1/rcc_common_all.o
                0x0800176c                rcc_set_mco
 .text.rcc_osc_bypass_enable
                0x08001784       0x30 /home/ankitgote/Documents/Bare_Metal/libopencm3/lib/stm32/l1/rcc_common_all.o
                0x08001784                rcc_osc_bypass_enable
 .text.rcc_osc_bypass_disable
                0x080017b4       0x30 /home/ankitgote/Documents/Bare_Metal/libopencm3/lib/stm32/l1/rcc_common_all.o
                0x080017b4                rcc_osc_bypass_disable
 .text.rcc_get_div_from_hpre
                0x080017e4       0x18 /home/ankitgote/Documents/Bare_Metal/libopencm3/lib/stm32/l1/rcc_common_all.o
                0x080017e4                rcc_get_div_from_hpre
 .text          0x080017fc        0x0 /home/ankitgote/Documents/Bare_Metal/libopencm3/lib/stm32/l1/rcc.o
 .text.rcc_osc_ready_int_clear
                0x080017fc       0x60 /home/ankitgote/Documents/Bare_Metal/libopencm3/lib/stm32/l1/rcc.o
                0x080017fc                rcc_osc_ready_int_clear
 .text.rcc_osc_ready_int_enable
                0x0800185c       0x60 /home/ankitgote/Documents/Bare_Metal/libopencm3/lib/stm32/l1/rcc.o
                0x0800185c                rcc_osc_ready_int_enable
 .text.rcc_osc_ready_int_disable
                0x080018bc       0x60 /home/ankitgote/Documents/Bare_Metal/libopencm3/lib/stm32/l1/rcc.o
                0x080018bc                rcc_osc_ready_int_disable
 .text.rcc_osc_ready_int_flag
                0x0800191c       0x60 /home/ankitgote/Documents/Bare_Metal/libopencm3/lib/stm32/l1/rcc.o
                0x0800191c                rcc_osc_ready_int_flag
 .text.rcc_css_int_clear
                0x0800197c       0x14 /home/ankitgote/Documents/Bare_Metal/libopencm3/lib/stm32/l1/rcc.o
                0x0800197c                rcc_css_int_clear
 .text.rcc_css_int_flag
                0x08001990       0x10 /home/ankitgote/Documents/Bare_Metal/libopencm3/lib/stm32/l1/rcc.o
                0x08001990                rcc_css_int_flag
 .text.rcc_is_osc_ready
                0x080019a0       0x58 /home/ankitgote/Documents/Bare_Metal/libopencm3/lib/stm32/l1/rcc.o
                0x080019a0                rcc_is_osc_ready
 .text.rcc_wait_for_osc_ready
                0x080019f8       0x10 /home/ankitgote/Documents/Bare_Metal/libopencm3/lib/stm32/l1/rcc.o
                0x080019f8                rcc_wait_for_osc_ready
 .text.rcc_wait_for_sysclk_status
                0x08001a08       0x50 /home/ankitgote/Documents/Bare_Metal/libopencm3/lib/stm32/l1/rcc.o
                0x08001a08                rcc_wait_for_sysclk_status
 .text.rcc_osc_on
                0x08001a58       0x64 /home/ankitgote/Documents/Bare_Metal/libopencm3/lib/stm32/l1/rcc.o
                0x08001a58                rcc_osc_on
 .text.rcc_osc_off
                0x08001abc       0x64 /home/ankitgote/Documents/Bare_Metal/libopencm3/lib/stm32/l1/rcc.o
                0x08001abc                rcc_osc_off
 .text.rcc_css_enable
                0x08001b20       0x14 /home/ankitgote/Documents/Bare_Metal/libopencm3/lib/stm32/l1/rcc.o
                0x08001b20                rcc_css_enable
 .text.rcc_css_disable
                0x08001b34       0x14 /home/ankitgote/Documents/Bare_Metal/libopencm3/lib/stm32/l1/rcc.o
                0x08001b34                rcc_css_disable
 .text.rcc_set_msi_range
                0x08001b48       0x18 /home/ankitgote/Documents/Bare_Metal/libopencm3/lib/stm32/l1/rcc.o
                0x08001b48                rcc_set_msi_range
 .text.rcc_set_sysclk_source
                0x08001b60       0x18 /home/ankitgote/Documents/Bare_Metal/libopencm3/lib/stm32/l1/rcc.o
                0x08001b60                rcc_set_sysclk_source
 .text.rcc_set_pll_configuration
                0x08001b78       0x24 /home/ankitgote/Documents/Bare_Metal/libopencm3/lib/stm32/l1/rcc.o
                0x08001b78                rcc_set_pll_configuration
 .text.rcc_set_pll_source
                0x08001b9c       0x18 /home/ankitgote/Documents/Bare_Metal/libopencm3/lib/stm32/l1/rcc.o
                0x08001b9c                rcc_set_pll_source
 .text.rcc_set_ppre2
                0x08001bb4       0x18 /home/ankitgote/Documents/Bare_Metal/libopencm3/lib/stm32/l1/rcc.o
                0x08001bb4                rcc_set_ppre2
 .text.rcc_set_ppre1
                0x08001bcc       0x18 /home/ankitgote/Documents/Bare_Metal/libopencm3/lib/stm32/l1/rcc.o
                0x08001bcc                rcc_set_ppre1
 .text.rcc_set_hpre
                0x08001be4       0x18 /home/ankitgote/Documents/Bare_Metal/libopencm3/lib/stm32/l1/rcc.o
                0x08001be4                rcc_set_hpre
 .text.rcc_set_rtcpre
                0x08001bfc       0x18 /home/ankitgote/Documents/Bare_Metal/libopencm3/lib/stm32/l1/rcc.o
                0x08001bfc                rcc_set_rtcpre
 .text.rcc_system_clock_source
                0x08001c14       0x10 /home/ankitgote/Documents/Bare_Metal/libopencm3/lib/stm32/l1/rcc.o
                0x08001c14                rcc_system_clock_source
 .text.rcc_rtc_select_clock
                0x08001c24       0x20 /home/ankitgote/Documents/Bare_Metal/libopencm3/lib/stm32/l1/rcc.o
                0x08001c24                rcc_rtc_select_clock
 .text.rcc_clock_setup_msi
                0x08001c44       0x68 /home/ankitgote/Documents/Bare_Metal/libopencm3/lib/stm32/l1/rcc.o
                0x08001c44                rcc_clock_setup_msi
 .text.rcc_clock_setup_hsi
                0x08001cac       0x98 /home/ankitgote/Documents/Bare_Metal/libopencm3/lib/stm32/l1/rcc.o
                0x08001cac                rcc_clock_setup_hsi
 .text.rcc_clock_setup_pll
                0x08001d44       0x84 /home/ankitgote/Documents/Bare_Metal/libopencm3/lib/stm32/l1/rcc.o
                0x08001d44                rcc_clock_setup_pll
 .text.rcc_get_usart_clk_freq
                0x08001dc8       0x1c /home/ankitgote/Documents/Bare_Metal/libopencm3/lib/stm32/l1/rcc.o
                0x08001dc8                rcc_get_usart_clk_freq
 .text.rcc_get_timer_clk_freq
                0x08001de4       0x34 /home/ankitgote/Documents/Bare_Metal/libopencm3/lib/stm32/l1/rcc.o
                0x08001de4                rcc_get_timer_clk_freq
 .text.rcc_get_i2c_clk_freq
                0x08001e18        0xc /home/ankitgote/Documents/Bare_Metal/libopencm3/lib/stm32/l1/rcc.o
                0x08001e18                rcc_get_i2c_clk_freq
 .text.rcc_get_spi_clk_freq
                0x08001e24       0x1c /home/ankitgote/Documents/Bare_Metal/libopencm3/lib/stm32/l1/rcc.o
                0x08001e24                rcc_get_spi_clk_freq
 .text          0x08001e40        0x0 /home/ankitgote/Documents/Bare_Metal/libopencm3/lib/stm32/l1/rtc_common_l1f024.o
 .text.rtc_set_prescaler
                0x08001e40       0x1c /home/ankitgote/Documents/Bare_Metal/libopencm3/lib/stm32/l1/rtc_common_l1f024.o
                0x08001e40                rtc_set_prescaler
 .text.rtc_wait_for_synchro
                0x08001e5c       0x30 /home/ankitgote/Documents/Bare_Metal/libopencm3/lib/stm32/l1/rtc_common_l1f024.o
                0x08001e5c                rtc_wait_for_synchro
 .text.rtc_unlock
                0x08001e8c       0x14 /home/ankitgote/Documents/Bare_Metal/libopencm3/lib/stm32/l1/rtc_common_l1f024.o
                0x08001e8c                rtc_unlock
 .text.rtc_lock
                0x08001ea0       0x10 /home/ankitgote/Documents/Bare_Metal/libopencm3/lib/stm32/l1/rtc_common_l1f024.o
                0x08001ea0                rtc_lock
 .text.rtc_set_wakeup_time
                0x08001eb0       0x44 /home/ankitgote/Documents/Bare_Metal/libopencm3/lib/stm32/l1/rtc_common_l1f024.o
                0x08001eb0                rtc_set_wakeup_time
 .text.rtc_clear_wakeup_flag
                0x08001ef4       0x14 /home/ankitgote/Documents/Bare_Metal/libopencm3/lib/stm32/l1/rtc_common_l1f024.o
                0x08001ef4                rtc_clear_wakeup_flag
 .text.rtc_set_init_flag
                0x08001f08       0x14 /home/ankitgote/Documents/Bare_Metal/libopencm3/lib/stm32/l1/rtc_common_l1f024.o
                0x08001f08                rtc_set_init_flag
 .text.rtc_clear_init_flag
                0x08001f1c       0x14 /home/ankitgote/Documents/Bare_Metal/libopencm3/lib/stm32/l1/rtc_common_l1f024.o
                0x08001f1c                rtc_clear_init_flag
 .text.rtc_init_flag_is_ready
                0x08001f30       0x10 /home/ankitgote/Documents/Bare_Metal/libopencm3/lib/stm32/l1/rtc_common_l1f024.o
                0x08001f30                rtc_init_flag_is_ready
 .text.rtc_wait_for_init_ready
                0x08001f40        0xc /home/ankitgote/Documents/Bare_Metal/libopencm3/lib/stm32/l1/rtc_common_l1f024.o
                0x08001f40                rtc_wait_for_init_ready
 .text.rtc_enable_bypass_shadow_register
                0x08001f4c       0x14 /home/ankitgote/Documents/Bare_Metal/libopencm3/lib/stm32/l1/rtc_common_l1f024.o
                0x08001f4c                rtc_enable_bypass_shadow_register
 .text.rtc_disable_bypass_shadow_register
                0x08001f60       0x14 /home/ankitgote/Documents/Bare_Metal/libopencm3/lib/stm32/l1/rtc_common_l1f024.o
                0x08001f60                rtc_disable_bypass_shadow_register
 .text.rtc_set_am_format
                0x08001f74       0x14 /home/ankitgote/Documents/Bare_Metal/libopencm3/lib/stm32/l1/rtc_common_l1f024.o
                0x08001f74                rtc_set_am_format
 .text.rtc_set_pm_format
                0x08001f88       0x14 /home/ankitgote/Documents/Bare_Metal/libopencm3/lib/stm32/l1/rtc_common_l1f024.o
                0x08001f88                rtc_set_pm_format
 .text.rtc_calendar_set_year
                0x08001f9c       0x34 /home/ankitgote/Documents/Bare_Metal/libopencm3/lib/stm32/l1/rtc_common_l1f024.o
                0x08001f9c                rtc_calendar_set_year
 .text.rtc_calendar_set_weekday
                0x08001fd0       0x20 /home/ankitgote/Documents/Bare_Metal/libopencm3/lib/stm32/l1/rtc_common_l1f024.o
                0x08001fd0                rtc_calendar_set_weekday
 .text.rtc_calendar_set_month
                0x08001ff0       0x3c /home/ankitgote/Documents/Bare_Metal/libopencm3/lib/stm32/l1/rtc_common_l1f024.o
                0x08001ff0                rtc_calendar_set_month
 .text.rtc_calendar_set_day
                0x0800202c       0x30 /home/ankitgote/Documents/Bare_Metal/libopencm3/lib/stm32/l1/rtc_common_l1f024.o
                0x0800202c                rtc_calendar_set_day
 .text.rtc_calendar_set_date
                0x0800205c       0x22 /home/ankitgote/Documents/Bare_Metal/libopencm3/lib/stm32/l1/rtc_common_l1f024.o
                0x0800205c                rtc_calendar_set_date
 *fill*         0x0800207e        0x2 
 .text.rtc_time_set_hour
                0x08002080       0x50 /home/ankitgote/Documents/Bare_Metal/libopencm3/lib/stm32/l1/rtc_common_l1f024.o
                0x08002080                rtc_time_set_hour
 .text.rtc_time_set_minute
                0x080020d0       0x3c /home/ankitgote/Documents/Bare_Metal/libopencm3/lib/stm32/l1/rtc_common_l1f024.o
                0x080020d0                rtc_time_set_minute
 .text.rtc_time_set_second
                0x0800210c       0x30 /home/ankitgote/Documents/Bare_Metal/libopencm3/lib/stm32/l1/rtc_common_l1f024.o
                0x0800210c                rtc_time_set_second
 .text.rtc_time_set_time
                0x0800213c       0x1c /home/ankitgote/Documents/Bare_Metal/libopencm3/lib/stm32/l1/rtc_common_l1f024.o
                0x0800213c                rtc_time_set_time
 .text          0x08002158        0x0 /home/ankitgote/Documents/Bare_Metal/libopencm3/lib/stm32/l1/scb.o
 .text.scb_reset_core
                0x08002158       0x10 /home/ankitgote/Documents/Bare_Metal/libopencm3/lib/stm32/l1/scb.o
                0x08002158                scb_reset_core
 .text.scb_reset_system
                0x08002168       0x10 /home/ankitgote/Documents/Bare_Metal/libopencm3/lib/stm32/l1/scb.o
                0x08002168                scb_reset_system
 .text.scb_set_sleepdeep
                0x08002178       0x12 /home/ankitgote/Documents/Bare_Metal/libopencm3/lib/stm32/l1/scb.o
                0x08002178                scb_set_sleepdeep
 .text.scb_clear_sleepdeep
                0x0800218a       0x12 /home/ankitgote/Documents/Bare_Metal/libopencm3/lib/stm32/l1/scb.o
                0x0800218a                scb_clear_sleepdeep
 .text.scb_set_sleeponexit
                0x0800219c       0x12 /home/ankitgote/Documents/Bare_Metal/libopencm3/lib/stm32/l1/scb.o
                0x0800219c                scb_set_sleeponexit
 .text.scb_clear_sleeponexit
                0x080021ae       0x12 /home/ankitgote/Documents/Bare_Metal/libopencm3/lib/stm32/l1/scb.o
                0x080021ae                scb_clear_sleeponexit
 .text.scb_set_priority_grouping
                0x080021c0       0x12 /home/ankitgote/Documents/Bare_Metal/libopencm3/lib/stm32/l1/scb.o
                0x080021c0                scb_set_priority_grouping
 .text          0x080021d2        0x0 /home/ankitgote/Documents/Bare_Metal/libopencm3/lib/stm32/l1/spi_common_all.o
 .text.spi_enable
                0x080021d2        0xa /home/ankitgote/Documents/Bare_Metal/libopencm3/lib/stm32/l1/spi_common_all.o
                0x080021d2                spi_enable
 .text.spi_disable
                0x080021dc        0xa /home/ankitgote/Documents/Bare_Metal/libopencm3/lib/stm32/l1/spi_common_all.o
                0x080021dc                spi_disable
 .text.spi_clean_disable
                0x080021e6       0x26 /home/ankitgote/Documents/Bare_Metal/libopencm3/lib/stm32/l1/spi_common_all.o
                0x080021e6                spi_clean_disable
 .text.spi_write
                0x0800220c        0x4 /home/ankitgote/Documents/Bare_Metal/libopencm3/lib/stm32/l1/spi_common_all.o
                0x0800220c                spi_write
 .text.spi_send
                0x08002210        0xa /home/ankitgote/Documents/Bare_Metal/libopencm3/lib/stm32/l1/spi_common_all.o
                0x08002210                spi_send
 .text.spi_read
                0x0800221a        0xc /home/ankitgote/Documents/Bare_Metal/libopencm3/lib/stm32/l1/spi_common_all.o
                0x0800221a                spi_read
 .text.spi_xfer
                0x08002226        0xe /home/ankitgote/Documents/Bare_Metal/libopencm3/lib/stm32/l1/spi_common_all.o
                0x08002226                spi_xfer
 .text.spi_set_bidirectional_mode
                0x08002234        0xa /home/ankitgote/Documents/Bare_Metal/libopencm3/lib/stm32/l1/spi_common_all.o
                0x08002234                spi_set_bidirectional_mode
 .text.spi_set_unidirectional_mode
                0x0800223e        0xa /home/ankitgote/Documents/Bare_Metal/libopencm3/lib/stm32/l1/spi_common_all.o
                0x0800223e                spi_set_unidirectional_mode
 .text.spi_set_bidirectional_receive_only_mode
                0x08002248       0x12 /home/ankitgote/Documents/Bare_Metal/libopencm3/lib/stm32/l1/spi_common_all.o
                0x08002248                spi_set_bidirectional_receive_only_mode
 .text.spi_set_bidirectional_transmit_only_mode
                0x0800225a       0x12 /home/ankitgote/Documents/Bare_Metal/libopencm3/lib/stm32/l1/spi_common_all.o
                0x0800225a                spi_set_bidirectional_transmit_only_mode
 .text.spi_enable_crc
                0x0800226c        0xa /home/ankitgote/Documents/Bare_Metal/libopencm3/lib/stm32/l1/spi_common_all.o
                0x0800226c                spi_enable_crc
 .text.spi_disable_crc
                0x08002276        0xa /home/ankitgote/Documents/Bare_Metal/libopencm3/lib/stm32/l1/spi_common_all.o
                0x08002276                spi_disable_crc
 .text.spi_set_next_tx_from_buffer
                0x08002280        0xa /home/ankitgote/Documents/Bare_Metal/libopencm3/lib/stm32/l1/spi_common_all.o
                0x08002280                spi_set_next_tx_from_buffer
 .text.spi_set_next_tx_from_crc
                0x0800228a        0xa /home/ankitgote/Documents/Bare_Metal/libopencm3/lib/stm32/l1/spi_common_all.o
                0x0800228a                spi_set_next_tx_from_crc
 .text.spi_set_full_duplex_mode
                0x08002294        0xa /home/ankitgote/Documents/Bare_Metal/libopencm3/lib/stm32/l1/spi_common_all.o
                0x08002294                spi_set_full_duplex_mode
 .text.spi_set_receive_only_mode
                0x0800229e        0xa /home/ankitgote/Documents/Bare_Metal/libopencm3/lib/stm32/l1/spi_common_all.o
                0x0800229e                spi_set_receive_only_mode
 .text.spi_disable_software_slave_management
                0x080022a8        0xa /home/ankitgote/Documents/Bare_Metal/libopencm3/lib/stm32/l1/spi_common_all.o
                0x080022a8                spi_disable_software_slave_management
 .text.spi_enable_software_slave_management
                0x080022b2       0x12 /home/ankitgote/Documents/Bare_Metal/libopencm3/lib/stm32/l1/spi_common_all.o
                0x080022b2                spi_enable_software_slave_management
 .text.spi_set_nss_high
                0x080022c4        0xa /home/ankitgote/Documents/Bare_Metal/libopencm3/lib/stm32/l1/spi_common_all.o
                0x080022c4                spi_set_nss_high
 .text.spi_set_nss_low
                0x080022ce        0xa /home/ankitgote/Documents/Bare_Metal/libopencm3/lib/stm32/l1/spi_common_all.o
                0x080022ce                spi_set_nss_low
 .text.spi_send_lsb_first
                0x080022d8        0xa /home/ankitgote/Documents/Bare_Metal/libopencm3/lib/stm32/l1/spi_common_all.o
                0x080022d8                spi_send_lsb_first
 .text.spi_send_msb_first
                0x080022e2        0xa /home/ankitgote/Documents/Bare_Metal/libopencm3/lib/stm32/l1/spi_common_all.o
                0x080022e2                spi_send_msb_first
 .text.spi_set_baudrate_prescaler
                0x080022ec       0x16 /home/ankitgote/Documents/Bare_Metal/libopencm3/lib/stm32/l1/spi_common_all.o
                0x080022ec                spi_set_baudrate_prescaler
 .text.spi_set_master_mode
                0x08002302        0xa /home/ankitgote/Documents/Bare_Metal/libopencm3/lib/stm32/l1/spi_common_all.o
                0x08002302                spi_set_master_mode
 .text.spi_set_slave_mode
                0x0800230c        0xa /home/ankitgote/Documents/Bare_Metal/libopencm3/lib/stm32/l1/spi_common_all.o
                0x0800230c                spi_set_slave_mode
 .text.spi_set_clock_polarity_1
                0x08002316        0xa /home/ankitgote/Documents/Bare_Metal/libopencm3/lib/stm32/l1/spi_common_all.o
                0x08002316                spi_set_clock_polarity_1
 .text.spi_set_clock_polarity_0
                0x08002320        0xa /home/ankitgote/Documents/Bare_Metal/libopencm3/lib/stm32/l1/spi_common_all.o
                0x08002320                spi_set_clock_polarity_0
 .text.spi_set_clock_phase_1
                0x0800232a        0xa /home/ankitgote/Documents/Bare_Metal/libopencm3/lib/stm32/l1/spi_common_all.o
                0x0800232a                spi_set_clock_phase_1
 .text.spi_set_clock_phase_0
                0x08002334        0xa /home/ankitgote/Documents/Bare_Metal/libopencm3/lib/stm32/l1/spi_common_all.o
                0x08002334                spi_set_clock_phase_0
 .text.spi_enable_tx_buffer_empty_interrupt
                0x0800233e        0xa /home/ankitgote/Documents/Bare_Metal/libopencm3/lib/stm32/l1/spi_common_all.o
                0x0800233e                spi_enable_tx_buffer_empty_interrupt
 .text.spi_disable_tx_buffer_empty_interrupt
                0x08002348        0xa /home/ankitgote/Documents/Bare_Metal/libopencm3/lib/stm32/l1/spi_common_all.o
                0x08002348                spi_disable_tx_buffer_empty_interrupt
 .text.spi_enable_rx_buffer_not_empty_interrupt
                0x08002352        0xa /home/ankitgote/Documents/Bare_Metal/libopencm3/lib/stm32/l1/spi_common_all.o
                0x08002352                spi_enable_rx_buffer_not_empty_interrupt
 .text.spi_disable_rx_buffer_not_empty_interrupt
                0x0800235c        0xa /home/ankitgote/Documents/Bare_Metal/libopencm3/lib/stm32/l1/spi_common_all.o
                0x0800235c                spi_disable_rx_buffer_not_empty_interrupt
 .text.spi_enable_error_interrupt
                0x08002366        0xa /home/ankitgote/Documents/Bare_Metal/libopencm3/lib/stm32/l1/spi_common_all.o
                0x08002366                spi_enable_error_interrupt
 .text.spi_disable_error_interrupt
                0x08002370        0xa /home/ankitgote/Documents/Bare_Metal/libopencm3/lib/stm32/l1/spi_common_all.o
                0x08002370                spi_disable_error_interrupt
 .text.spi_enable_ss_output
                0x0800237a        0xa /home/ankitgote/Documents/Bare_Metal/libopencm3/lib/stm32/l1/spi_common_all.o
                0x0800237a                spi_enable_ss_output
 .text.spi_disable_ss_output
                0x08002384        0xa /home/ankitgote/Documents/Bare_Metal/libopencm3/lib/stm32/l1/spi_common_all.o
                0x08002384                spi_disable_ss_output
 .text.spi_enable_tx_dma
                0x0800238e        0xa /home/ankitgote/Documents/Bare_Metal/libopencm3/lib/stm32/l1/spi_common_all.o
                0x0800238e                spi_enable_tx_dma
 .text.spi_disable_tx_dma
                0x08002398        0xa /home/ankitgote/Documents/Bare_Metal/libopencm3/lib/stm32/l1/spi_common_all.o
                0x08002398                spi_disable_tx_dma
 .text.spi_enable_rx_dma
                0x080023a2        0xa /home/ankitgote/Documents/Bare_Metal/libopencm3/lib/stm32/l1/spi_common_all.o
                0x080023a2                spi_enable_rx_dma
 .text.spi_disable_rx_dma
                0x080023ac        0xa /home/ankitgote/Documents/Bare_Metal/libopencm3/lib/stm32/l1/spi_common_all.o
                0x080023ac                spi_disable_rx_dma
 .text.spi_set_standard_mode
                0x080023b6       0x10 /home/ankitgote/Documents/Bare_Metal/libopencm3/lib/stm32/l1/spi_common_all.o
                0x080023b6                spi_set_standard_mode
 .text          0x080023c6        0x0 /home/ankitgote/Documents/Bare_Metal/libopencm3/lib/stm32/l1/spi_common_v1_frf.o
 .text.spi_set_frf_ti
                0x080023c6        0xa /home/ankitgote/Documents/Bare_Metal/libopencm3/lib/stm32/l1/spi_common_v1_frf.o
                0x080023c6                spi_set_frf_ti
 .text.spi_set_frf_motorola
                0x080023d0        0xa /home/ankitgote/Documents/Bare_Metal/libopencm3/lib/stm32/l1/spi_common_v1_frf.o
                0x080023d0                spi_set_frf_motorola
 .text          0x080023da        0x0 /home/ankitgote/Documents/Bare_Metal/libopencm3/lib/stm32/l1/spi_common_v1.o
 .text.spi_init_master
                0x080023da       0x28 /home/ankitgote/Documents/Bare_Metal/libopencm3/lib/stm32/l1/spi_common_v1.o
                0x080023da                spi_init_master
 .text.spi_set_dff_8bit
                0x08002402        0xa /home/ankitgote/Documents/Bare_Metal/libopencm3/lib/stm32/l1/spi_common_v1.o
                0x08002402                spi_set_dff_8bit
 .text.spi_set_dff_16bit
                0x0800240c        0xa /home/ankitgote/Documents/Bare_Metal/libopencm3/lib/stm32/l1/spi_common_v1.o
                0x0800240c                spi_set_dff_16bit
 .text          0x08002416        0x0 /home/ankitgote/Documents/Bare_Metal/libopencm3/lib/stm32/l1/st_usbfs_core.o
 *fill*         0x08002416        0x2 
 .text.st_usbfs_set_address
                0x08002418       0x10 /home/ankitgote/Documents/Bare_Metal/libopencm3/lib/stm32/l1/st_usbfs_core.o
                0x08002418                st_usbfs_set_address
 .text.st_usbfs_set_ep_rx_bufsize
                0x08002428       0x44 /home/ankitgote/Documents/Bare_Metal/libopencm3/lib/stm32/l1/st_usbfs_core.o
                0x08002428                st_usbfs_set_ep_rx_bufsize
 .text.st_usbfs_ep_setup
                0x0800246c      0x128 /home/ankitgote/Documents/Bare_Metal/libopencm3/lib/stm32/l1/st_usbfs_core.o
                0x0800246c                st_usbfs_ep_setup
 .text.st_usbfs_endpoints_reset
                0x08002594       0x44 /home/ankitgote/Documents/Bare_Metal/libopencm3/lib/stm32/l1/st_usbfs_core.o
                0x08002594                st_usbfs_endpoints_reset
 .text.st_usbfs_ep_stall_set
                0x080025d8       0xbc /home/ankitgote/Documents/Bare_Metal/libopencm3/lib/stm32/l1/st_usbfs_core.o
                0x080025d8                st_usbfs_ep_stall_set
 .text.st_usbfs_ep_stall_get
                0x08002694       0x38 /home/ankitgote/Documents/Bare_Metal/libopencm3/lib/stm32/l1/st_usbfs_core.o
                0x08002694                st_usbfs_ep_stall_get
 .text.st_usbfs_ep_nak_set
                0x080026cc       0x3c /home/ankitgote/Documents/Bare_Metal/libopencm3/lib/stm32/l1/st_usbfs_core.o
                0x080026cc                st_usbfs_ep_nak_set
 .text.st_usbfs_ep_write_packet
                0x08002708       0x88 /home/ankitgote/Documents/Bare_Metal/libopencm3/lib/stm32/l1/st_usbfs_core.o
                0x08002708                st_usbfs_ep_write_packet
 .text.st_usbfs_ep_read_packet
                0x08002790       0xb4 /home/ankitgote/Documents/Bare_Metal/libopencm3/lib/stm32/l1/st_usbfs_core.o
                0x08002790                st_usbfs_ep_read_packet
 .text.st_usbfs_poll
                0x08002844       0xf0 /home/ankitgote/Documents/Bare_Metal/libopencm3/lib/stm32/l1/st_usbfs_core.o
                0x08002844                st_usbfs_poll
 .text          0x08002934        0x0 /home/ankitgote/Documents/Bare_Metal/libopencm3/lib/stm32/l1/st_usbfs_v1.o
 .text.st_usbfs_v1_usbd_init
                0x08002934       0x30 /home/ankitgote/Documents/Bare_Metal/libopencm3/lib/stm32/l1/st_usbfs_v1.o
 .text.st_usbfs_copy_to_pm
                0x08002964       0x1a /home/ankitgote/Documents/Bare_Metal/libopencm3/lib/stm32/l1/st_usbfs_v1.o
                0x08002964                st_usbfs_copy_to_pm
 .text.st_usbfs_copy_from_pm
                0x0800297e       0x24 /home/ankitgote/Documents/Bare_Metal/libopencm3/lib/stm32/l1/st_usbfs_v1.o
                0x0800297e                st_usbfs_copy_from_pm
 .text          0x080029a2        0x0 /home/ankitgote/Documents/Bare_Metal/libopencm3/lib/stm32/l1/sync.o
 .text.__dmb    0x080029a2        0x6 /home/ankitgote/Documents/Bare_Metal/libopencm3/lib/stm32/l1/sync.o
                0x080029a2                __dmb
 .text.__ldrex  0x080029a8        0x6 /home/ankitgote/Documents/Bare_Metal/libopencm3/lib/stm32/l1/sync.o
                0x080029a8                __ldrex
 .text.__strex  0x080029ae        0x8 /home/ankitgote/Documents/Bare_Metal/libopencm3/lib/stm32/l1/sync.o
                0x080029ae                __strex
 .text.mutex_trylock
                0x080029b6       0x1c /home/ankitgote/Documents/Bare_Metal/libopencm3/lib/stm32/l1/sync.o
                0x080029b6                mutex_trylock
 .text.mutex_lock
                0x080029d2       0x10 /home/ankitgote/Documents/Bare_Metal/libopencm3/lib/stm32/l1/sync.o
                0x080029d2                mutex_lock
 .text.mutex_unlock
                0x080029e2        0xa /home/ankitgote/Documents/Bare_Metal/libopencm3/lib/stm32/l1/sync.o
                0x080029e2                mutex_unlock
 .text          0x080029ec        0x0 /home/ankitgote/Documents/Bare_Metal/libopencm3/lib/stm32/l1/systick.o
 .text.systick_set_reload
                0x080029ec        0xc /home/ankitgote/Documents/Bare_Metal/libopencm3/lib/stm32/l1/systick.o
                0x080029ec                systick_set_reload
 .text.systick_get_reload
                0x080029f8        0xc /home/ankitgote/Documents/Bare_Metal/libopencm3/lib/stm32/l1/systick.o
                0x080029f8                systick_get_reload
 .text.systick_get_value
                0x08002a04        0xc /home/ankitgote/Documents/Bare_Metal/libopencm3/lib/stm32/l1/systick.o
                0x08002a04                systick_get_value
 .text.systick_set_clocksource
                0x08002a10       0x14 /home/ankitgote/Documents/Bare_Metal/libopencm3/lib/stm32/l1/systick.o
                0x08002a10                systick_set_clocksource
 .text.systick_set_frequency
                0x08002a24       0x38 /home/ankitgote/Documents/Bare_Metal/libopencm3/lib/stm32/l1/systick.o
                0x08002a24                systick_set_frequency
 .text.systick_interrupt_enable
                0x08002a5c        0xe /home/ankitgote/Documents/Bare_Metal/libopencm3/lib/stm32/l1/systick.o
                0x08002a5c                systick_interrupt_enable
 .text.systick_interrupt_disable
                0x08002a6a        0xe /home/ankitgote/Documents/Bare_Metal/libopencm3/lib/stm32/l1/systick.o
                0x08002a6a                systick_interrupt_disable
 .text.systick_counter_enable
                0x08002a78        0xe /home/ankitgote/Documents/Bare_Metal/libopencm3/lib/stm32/l1/systick.o
                0x08002a78                systick_counter_enable
 .text.systick_counter_disable
                0x08002a86        0xe /home/ankitgote/Documents/Bare_Metal/libopencm3/lib/stm32/l1/systick.o
                0x08002a86                systick_counter_disable
 .text.systick_get_countflag
                0x08002a94        0xc /home/ankitgote/Documents/Bare_Metal/libopencm3/lib/stm32/l1/systick.o
                0x08002a94                systick_get_countflag
 .text.systick_clear
                0x08002aa0        0xa /home/ankitgote/Documents/Bare_Metal/libopencm3/lib/stm32/l1/systick.o
                0x08002aa0                systick_clear
 .text.systick_get_calib
                0x08002aaa        0xc /home/ankitgote/Documents/Bare_Metal/libopencm3/lib/stm32/l1/systick.o
                0x08002aaa                systick_get_calib
 .text          0x08002ab6        0x0 /home/ankitgote/Documents/Bare_Metal/libopencm3/lib/stm32/l1/timer_common_all.o
 .text.timer_enable_irq
                0x08002ab6        0x8 /home/ankitgote/Documents/Bare_Metal/libopencm3/lib/stm32/l1/timer_common_all.o
                0x08002ab6                timer_enable_irq
 .text.timer_disable_irq
                0x08002abe        0xa /home/ankitgote/Documents/Bare_Metal/libopencm3/lib/stm32/l1/timer_common_all.o
                0x08002abe                timer_disable_irq
 .text.timer_interrupt_source
                0x08002ac8       0x14 /home/ankitgote/Documents/Bare_Metal/libopencm3/lib/stm32/l1/timer_common_all.o
                0x08002ac8                timer_interrupt_source
 .text.timer_get_flag
                0x08002adc        0xc /home/ankitgote/Documents/Bare_Metal/libopencm3/lib/stm32/l1/timer_common_all.o
                0x08002adc                timer_get_flag
 .text.timer_clear_flag
                0x08002ae8        0x6 /home/ankitgote/Documents/Bare_Metal/libopencm3/lib/stm32/l1/timer_common_all.o
                0x08002ae8                timer_clear_flag
 .text.timer_set_mode
                0x08002aee       0x12 /home/ankitgote/Documents/Bare_Metal/libopencm3/lib/stm32/l1/timer_common_all.o
                0x08002aee                timer_set_mode
 .text.timer_set_clock_division
                0x08002b00       0x14 /home/ankitgote/Documents/Bare_Metal/libopencm3/lib/stm32/l1/timer_common_all.o
                0x08002b00                timer_set_clock_division
 .text.timer_enable_preload
                0x08002b14        0xa /home/ankitgote/Documents/Bare_Metal/libopencm3/lib/stm32/l1/timer_common_all.o
                0x08002b14                timer_enable_preload
 .text.timer_disable_preload
                0x08002b1e        0xa /home/ankitgote/Documents/Bare_Metal/libopencm3/lib/stm32/l1/timer_common_all.o
                0x08002b1e                timer_disable_preload
 .text.timer_set_alignment
                0x08002b28       0x14 /home/ankitgote/Documents/Bare_Metal/libopencm3/lib/stm32/l1/timer_common_all.o
                0x08002b28                timer_set_alignment
 .text.timer_direction_up
                0x08002b3c        0xa /home/ankitgote/Documents/Bare_Metal/libopencm3/lib/stm32/l1/timer_common_all.o
                0x08002b3c                timer_direction_up
 .text.timer_direction_down
                0x08002b46        0xa /home/ankitgote/Documents/Bare_Metal/libopencm3/lib/stm32/l1/timer_common_all.o
                0x08002b46                timer_direction_down
 .text.timer_one_shot_mode
                0x08002b50        0xa /home/ankitgote/Documents/Bare_Metal/libopencm3/lib/stm32/l1/timer_common_all.o
                0x08002b50                timer_one_shot_mode
 .text.timer_continuous_mode
                0x08002b5a        0xa /home/ankitgote/Documents/Bare_Metal/libopencm3/lib/stm32/l1/timer_common_all.o
                0x08002b5a                timer_continuous_mode
 .text.timer_update_on_any
                0x08002b64        0xa /home/ankitgote/Documents/Bare_Metal/libopencm3/lib/stm32/l1/timer_common_all.o
                0x08002b64                timer_update_on_any
 .text.timer_update_on_overflow
                0x08002b6e        0xa /home/ankitgote/Documents/Bare_Metal/libopencm3/lib/stm32/l1/timer_common_all.o
                0x08002b6e                timer_update_on_overflow
 .text.timer_enable_update_event
                0x08002b78        0xa /home/ankitgote/Documents/Bare_Metal/libopencm3/lib/stm32/l1/timer_common_all.o
                0x08002b78                timer_enable_update_event
 .text.timer_disable_update_event
                0x08002b82        0xa /home/ankitgote/Documents/Bare_Metal/libopencm3/lib/stm32/l1/timer_common_all.o
                0x08002b82                timer_disable_update_event
 .text.timer_enable_counter
                0x08002b8c        0xa /home/ankitgote/Documents/Bare_Metal/libopencm3/lib/stm32/l1/timer_common_all.o
                0x08002b8c                timer_enable_counter
 .text.timer_disable_counter
                0x08002b96        0xa /home/ankitgote/Documents/Bare_Metal/libopencm3/lib/stm32/l1/timer_common_all.o
                0x08002b96                timer_disable_counter
 .text.timer_set_output_idle_state
                0x08002ba0        0xc /home/ankitgote/Documents/Bare_Metal/libopencm3/lib/stm32/l1/timer_common_all.o
                0x08002ba0                timer_set_output_idle_state
 .text.timer_reset_output_idle_state
                0x08002bac        0xe /home/ankitgote/Documents/Bare_Metal/libopencm3/lib/stm32/l1/timer_common_all.o
                0x08002bac                timer_reset_output_idle_state
 .text.timer_set_ti1_ch123_xor
                0x08002bba        0xa /home/ankitgote/Documents/Bare_Metal/libopencm3/lib/stm32/l1/timer_common_all.o
                0x08002bba                timer_set_ti1_ch123_xor
 .text.timer_set_ti1_ch1
                0x08002bc4        0xa /home/ankitgote/Documents/Bare_Metal/libopencm3/lib/stm32/l1/timer_common_all.o
                0x08002bc4                timer_set_ti1_ch1
 .text.timer_set_master_mode
                0x08002bce       0x10 /home/ankitgote/Documents/Bare_Metal/libopencm3/lib/stm32/l1/timer_common_all.o
                0x08002bce                timer_set_master_mode
 .text.timer_set_dma_on_compare_event
                0x08002bde        0xa /home/ankitgote/Documents/Bare_Metal/libopencm3/lib/stm32/l1/timer_common_all.o
                0x08002bde                timer_set_dma_on_compare_event
 .text.timer_set_dma_on_update_event
                0x08002be8        0xa /home/ankitgote/Documents/Bare_Metal/libopencm3/lib/stm32/l1/timer_common_all.o
                0x08002be8                timer_set_dma_on_update_event
 .text.timer_enable_compare_control_update_on_trigger
                0x08002bf2        0xa /home/ankitgote/Documents/Bare_Metal/libopencm3/lib/stm32/l1/timer_common_all.o
                0x08002bf2                timer_enable_compare_control_update_on_trigger
 .text.timer_disable_compare_control_update_on_trigger
                0x08002bfc        0xa /home/ankitgote/Documents/Bare_Metal/libopencm3/lib/stm32/l1/timer_common_all.o
                0x08002bfc                timer_disable_compare_control_update_on_trigger
 .text.timer_enable_preload_complementry_enable_bits
                0x08002c06        0xa /home/ankitgote/Documents/Bare_Metal/libopencm3/lib/stm32/l1/timer_common_all.o
                0x08002c06                timer_enable_preload_complementry_enable_bits
 .text.timer_disable_preload_complementry_enable_bits
                0x08002c10        0xa /home/ankitgote/Documents/Bare_Metal/libopencm3/lib/stm32/l1/timer_common_all.o
                0x08002c10                timer_disable_preload_complementry_enable_bits
 .text.timer_set_prescaler
                0x08002c1a        0x4 /home/ankitgote/Documents/Bare_Metal/libopencm3/lib/stm32/l1/timer_common_all.o
                0x08002c1a                timer_set_prescaler
 .text.timer_set_repetition_counter
                0x08002c1e        0x4 /home/ankitgote/Documents/Bare_Metal/libopencm3/lib/stm32/l1/timer_common_all.o
                0x08002c1e                timer_set_repetition_counter
 .text.timer_set_period
                0x08002c22        0x4 /home/ankitgote/Documents/Bare_Metal/libopencm3/lib/stm32/l1/timer_common_all.o
                0x08002c22                timer_set_period
 .text.timer_enable_oc_clear
                0x08002c26       0x34 /home/ankitgote/Documents/Bare_Metal/libopencm3/lib/stm32/l1/timer_common_all.o
                0x08002c26                timer_enable_oc_clear